variant=directional out_channels=3 seed=1 batch=16 device=cuda git=e0d3a55
discharge_weight=1.0
train sims=1-60 (60)  val sims=61-80 (20)
train examples=5760 steps/epoch=360  val examples=1920
model params=2,731,620
epoch   0    7.6s  train total=0.010988 [dh=0.003361  qx=0.003717  qy=0.003910]  val total=0.000942 [dh=0.000214  qx=0.000334  qy=0.000393]
epoch   1    7.0s  train total=0.000843 [dh=0.000198  qx=0.000309  qy=0.000336]  val total=0.000738 [dh=0.000153  qx=0.000265  qy=0.000320]
epoch   2    6.7s  train total=0.000701 [dh=0.000156  qx=0.000259  qy=0.000285]  val total=0.000665 [dh=0.000133  qx=0.000240  qy=0.000292]
epoch   3    7.5s  train total=0.000639 [dh=0.000139  qx=0.000237  qy=0.000262]  val total=0.000630 [dh=0.000124  qx=0.000228  qy=0.000278]
epoch   4    7.1s  train total=0.000603 [dh=0.000131  qx=0.000224  qy=0.000248]  val total=0.000605 [dh=0.000117  qx=0.000219  qy=0.000268]
epoch   5    7.0s  train total=0.000578 [dh=0.000125  qx=0.000215  qy=0.000237]  val total=0.000588 [dh=0.000114  qx=0.000213  qy=0.000260]
epoch   6    6.9s  train total=0.000555 [dh=0.000122  qx=0.000207  qy=0.000226]  val total=0.000569 [dh=0.000111  qx=0.000205  qy=0.000252]
epoch   7    7.0s  train total=0.000530 [dh=0.000119  qx=0.000200  qy=0.000212]  val total=0.000550 [dh=0.000109  qx=0.000199  qy=0.000242]
epoch   8    7.5s  train total=0.000500 [dh=0.000117  qx=0.000192  qy=0.000192]  val total=0.000531 [dh=0.000108  qx=0.000192  qy=0.000231]
epoch   9    6.7s  train total=0.000468 [dh=0.000115  qx=0.000182  qy=0.000172]  val total=0.000510 [dh=0.000107  qx=0.000183  qy=0.000220]
epoch  10    7.2s  train total=0.000440 [dh=0.000113  qx=0.000169  qy=0.000157]  val total=0.000508 [dh=0.000109  qx=0.000178  qy=0.000221]
epoch  11    7.1s  train total=0.000413 [dh=0.000113  qx=0.000154  qy=0.000145]  val total=0.000485 [dh=0.000106  qx=0.000166  qy=0.000214]
epoch  12    7.6s  train total=0.000385 [dh=0.000111  qx=0.000139  qy=0.000135]  val total=0.000481 [dh=0.000103  qx=0.000165  qy=0.000213]
epoch  13    7.0s  train total=0.000358 [dh=0.000109  qx=0.000124  qy=0.000125]  val total=0.000471 [dh=0.000104  qx=0.000162  qy=0.000205]
epoch  14    7.3s  train total=0.000332 [dh=0.000106  qx=0.000111  qy=0.000115]  val total=0.000456 [dh=0.000097  qx=0.000157  qy=0.000202]
epoch  15    6.9s  train total=0.000305 [dh=0.000103  qx=0.000099  qy=0.000104]  val total=0.000462 [dh=0.000100  qx=0.000165  qy=0.000197]
epoch  16    7.5s  train total=0.000281 [dh=0.000099  qx=0.000089  qy=0.000092]  val total=0.000456 [dh=0.000095  qx=0.000166  qy=0.000195]
epoch  17    7.4s  train total=0.000256 [dh=0.000095  qx=0.000079  qy=0.000082]  val total=0.000475 [dh=0.000096  qx=0.000176  qy=0.000203]
epoch  18    7.5s  train total=0.000234 [dh=0.000092  qx=0.000070  qy=0.000072]  val total=0.000444 [dh=0.000087  qx=0.000167  qy=0.000191]
epoch  19    7.3s  train total=0.000214 [dh=0.000088  qx=0.000063  qy=0.000063]  val total=0.000486 [dh=0.000086  qx=0.000183  qy=0.000217]
epoch  20    7.1s  train total=0.000196 [dh=0.000084  qx=0.000056  qy=0.000056]  val total=0.000464 [dh=0.000085  qx=0.000175  qy=0.000204]
epoch  21    7.3s  train total=0.000181 [dh=0.000080  qx=0.000051  qy=0.000050]  val total=0.000459 [dh=0.000081  qx=0.000177  qy=0.000200]
epoch  22    7.0s  train total=0.000166 [dh=0.000076  qx=0.000045  qy=0.000045]  val total=0.000459 [dh=0.000081  qx=0.000176  qy=0.000203]
epoch  23    7.3s  train total=0.000156 [dh=0.000073  qx=0.000041  qy=0.000041]  val total=0.000461 [dh=0.000077  qx=0.000183  qy=0.000201]
epoch  24    7.4s  train total=0.000144 [dh=0.000070  qx=0.000037  qy=0.000037]  val total=0.000446 [dh=0.000075  qx=0.000173  qy=0.000198]
epoch  25    7.5s  train total=0.000135 [dh=0.000067  qx=0.000034  qy=0.000033]  val total=0.000449 [dh=0.000078  qx=0.000175  qy=0.000196]
epoch  26    7.3s  train total=0.000126 [dh=0.000065  qx=0.000031  qy=0.000031]  val total=0.000447 [dh=0.000073  qx=0.000177  qy=0.000196]
epoch  27    6.6s  train total=0.000119 [dh=0.000063  qx=0.000028  qy=0.000029]  val total=0.000433 [dh=0.000072  qx=0.000167  qy=0.000193]
epoch  28    7.3s  train total=0.000114 [dh=0.000061  qx=0.000027  qy=0.000027]  val total=0.000430 [dh=0.000070  qx=0.000163  qy=0.000197]
epoch  29    7.2s  train total=0.000105 [dh=0.000058  qx=0.000024  qy=0.000024]  val total=0.000444 [dh=0.000080  qx=0.000170  qy=0.000193]
epoch  30    7.3s  train total=0.000104 [dh=0.000057  qx=0.000023  qy=0.000023]  val total=0.000429 [dh=0.000067  qx=0.000168  qy=0.000193]
epoch  31    7.1s  train total=0.000097 [dh=0.000055  qx=0.000021  qy=0.000021]  val total=0.000420 [dh=0.000068  qx=0.000163  qy=0.000188]
epoch  32    7.2s  train total=0.000095 [dh=0.000054  qx=0.000020  qy=0.000021]  val total=0.000417 [dh=0.000067  qx=0.000161  qy=0.000189]
epoch  33    7.5s  train total=0.000089 [dh=0.000052  qx=0.000018  qy=0.000019]  val total=0.000425 [dh=0.000069  qx=0.000166  qy=0.000190]
epoch  34    7.3s  train total=0.000086 [dh=0.000051  qx=0.000018  qy=0.000018]  val total=0.000416 [dh=0.000066  qx=0.000161  qy=0.000190]
epoch  35    6.9s  train total=0.000083 [dh=0.000049  qx=0.000017  qy=0.000017]  val total=0.000411 [dh=0.000066  qx=0.000158  qy=0.000187]
epoch  36    7.1s  train total=0.000081 [dh=0.000049  qx=0.000016  qy=0.000016]  val total=0.000416 [dh=0.000070  qx=0.000159  qy=0.000187]
epoch  37    7.3s  train total=0.000079 [dh=0.000048  qx=0.000016  qy=0.000016]  val total=0.000403 [dh=0.000065  qx=0.000153  qy=0.000185]
epoch  38    6.9s  train total=0.000076 [dh=0.000046  qx=0.000015  qy=0.000015]  val total=0.000409 [dh=0.000065  qx=0.000157  qy=0.000187]
epoch  39    7.2s  train total=0.000074 [dh=0.000045  qx=0.000014  qy=0.000014]  val total=0.000413 [dh=0.000068  qx=0.000156  qy=0.000189]
done. best val total=0.000403
