variant=depth out_channels=1 seed=1 batch=16 device=cuda git=e0d3a55
train sims=1-60 (60)  val sims=61-80 (20)
train examples=5760 steps/epoch=360  val examples=1920
model params=2,706,916
epoch   0    7.2s  train total=0.002869 [dh=0.002869]  val total=0.000194 [dh=0.000194]
epoch   1    6.8s  train total=0.000182 [dh=0.000182]  val total=0.000144 [dh=0.000144]
epoch   2    6.8s  train total=0.000145 [dh=0.000145]  val total=0.000125 [dh=0.000125]
epoch   3    6.8s  train total=0.000130 [dh=0.000130]  val total=0.000117 [dh=0.000117]
epoch   4    6.7s  train total=0.000122 [dh=0.000122]  val total=0.000109 [dh=0.000109]
epoch   5    6.9s  train total=0.000116 [dh=0.000116]  val total=0.000105 [dh=0.000105]
epoch   6    6.7s  train total=0.000110 [dh=0.000110]  val total=0.000100 [dh=0.000100]
epoch   7    6.6s  train total=0.000105 [dh=0.000105]  val total=0.000099 [dh=0.000099]
epoch   8    6.9s  train total=0.000103 [dh=0.000103]  val total=0.000104 [dh=0.000104]
epoch   9    6.7s  train total=0.000102 [dh=0.000102]  val total=0.000094 [dh=0.000094]
epoch  10    6.8s  train total=0.000100 [dh=0.000100]  val total=0.000091 [dh=0.000091]
epoch  11    7.0s  train total=0.000098 [dh=0.000098]  val total=0.000090 [dh=0.000090]
epoch  12    6.9s  train total=0.000094 [dh=0.000094]  val total=0.000085 [dh=0.000085]
epoch  13    6.9s  train total=0.000091 [dh=0.000091]  val total=0.000088 [dh=0.000088]
epoch  14    6.8s  train total=0.000089 [dh=0.000089]  val total=0.000085 [dh=0.000085]
epoch  15    6.8s  train total=0.000085 [dh=0.000085]  val total=0.000082 [dh=0.000082]
epoch  16    6.7s  train total=0.000083 [dh=0.000083]  val total=0.000080 [dh=0.000080]
epoch  17    6.7s  train total=0.000079 [dh=0.000079]  val total=0.000073 [dh=0.000073]
epoch  18    6.6s  train total=0.000076 [dh=0.000076]  val total=0.000075 [dh=0.000075]
epoch  19    6.9s  train total=0.000074 [dh=0.000074]  val total=0.000075 [dh=0.000075]
epoch  20    6.8s  train total=0.000071 [dh=0.000071]  val total=0.000068 [dh=0.000068]
epoch  21    6.8s  train total=0.000069 [dh=0.000069]  val total=0.000066 [dh=0.000066]
epoch  22    6.8s  train total=0.000066 [dh=0.000066]  val total=0.000071 [dh=0.000071]
epoch  23    6.8s  train total=0.000065 [dh=0.000065]  val total=0.000064 [dh=0.000064]
epoch  24    6.7s  train total=0.000062 [dh=0.000062]  val total=0.000063 [dh=0.000063]
epoch  25    6.7s  train total=0.000062 [dh=0.000062]  val total=0.000065 [dh=0.000065]
epoch  26    6.7s  train total=0.000058 [dh=0.000058]  val total=0.000060 [dh=0.000060]
epoch  27    6.8s  train total=0.000057 [dh=0.000057]  val total=0.000071 [dh=0.000071]
epoch  28    6.8s  train total=0.000056 [dh=0.000056]  val total=0.000062 [dh=0.000062]
epoch  29    6.8s  train total=0.000055 [dh=0.000055]  val total=0.000066 [dh=0.000066]
epoch  30    6.8s  train total=0.000052 [dh=0.000052]  val total=0.000056 [dh=0.000056]
epoch  31    6.7s  train total=0.000050 [dh=0.000050]  val total=0.000060 [dh=0.000060]
epoch  32    6.8s  train total=0.000051 [dh=0.000051]  val total=0.000062 [dh=0.000062]
epoch  33    6.8s  train total=0.000048 [dh=0.000048]  val total=0.000058 [dh=0.000058]
epoch  34    6.8s  train total=0.000047 [dh=0.000047]  val total=0.000057 [dh=0.000057]
epoch  35    6.6s  train total=0.000045 [dh=0.000045]  val total=0.000057 [dh=0.000057]
epoch  36    6.9s  train total=0.000046 [dh=0.000046]  val total=0.000056 [dh=0.000056]
epoch  37    6.7s  train total=0.000044 [dh=0.000044]  val total=0.000060 [dh=0.000060]
epoch  38    6.7s  train total=0.000043 [dh=0.000043]  val total=0.000055 [dh=0.000055]
epoch  39    6.6s  train total=0.000042 [dh=0.000042]  val total=0.000066 [dh=0.000066]
done. best val total=0.000055
