variant=directional out_channels=3 seed=0 batch=16 device=cuda git=e0d3a55
discharge_weight=1.0
train sims=1-60 (60)  val sims=61-80 (20)
train examples=5760 steps/epoch=360  val examples=1920
model params=2,731,620
epoch   0    7.2s  train total=0.010774 [dh=0.003609  qx=0.003566  qy=0.003599]  val total=0.000970 [dh=0.000218  qx=0.000343  qy=0.000410]
epoch   1    7.1s  train total=0.000866 [dh=0.000201  qx=0.000317  qy=0.000349]  val total=0.000757 [dh=0.000157  qx=0.000269  qy=0.000331]
epoch   2    7.1s  train total=0.000714 [dh=0.000158  qx=0.000264  qy=0.000292]  val total=0.000676 [dh=0.000134  qx=0.000243  qy=0.000299]
epoch   3    6.8s  train total=0.000648 [dh=0.000141  qx=0.000241  qy=0.000267]  val total=0.000638 [dh=0.000124  qx=0.000230  qy=0.000283]
epoch   4    7.2s  train total=0.000611 [dh=0.000132  qx=0.000227  qy=0.000252]  val total=0.000611 [dh=0.000119  qx=0.000220  qy=0.000272]
epoch   5    6.9s  train total=0.000586 [dh=0.000127  qx=0.000218  qy=0.000241]  val total=0.000593 [dh=0.000115  qx=0.000214  qy=0.000264]
epoch   6    7.3s  train total=0.000565 [dh=0.000123  qx=0.000210  qy=0.000232]  val total=0.000577 [dh=0.000113  qx=0.000208  qy=0.000256]
epoch   7    7.2s  train total=0.000543 [dh=0.000120  qx=0.000202  qy=0.000221]  val total=0.000555 [dh=0.000110  qx=0.000199  qy=0.000246]
epoch   8    7.1s  train total=0.000519 [dh=0.000119  qx=0.000193  qy=0.000207]  val total=0.000536 [dh=0.000109  qx=0.000193  qy=0.000234]
epoch   9    7.1s  train total=0.000486 [dh=0.000117  qx=0.000182  qy=0.000187]  val total=0.000517 [dh=0.000110  qx=0.000185  qy=0.000222]
epoch  10    6.7s  train total=0.000452 [dh=0.000116  qx=0.000169  qy=0.000166]  val total=0.000498 [dh=0.000108  qx=0.000178  qy=0.000212]
epoch  11    6.7s  train total=0.000421 [dh=0.000115  qx=0.000155  qy=0.000150]  val total=0.000484 [dh=0.000107  qx=0.000169  qy=0.000207]
epoch  12    7.2s  train total=0.000390 [dh=0.000113  qx=0.000140  qy=0.000137]  val total=0.000480 [dh=0.000107  qx=0.000164  qy=0.000209]
epoch  13    6.7s  train total=0.000366 [dh=0.000111  qx=0.000128  qy=0.000127]  val total=0.000464 [dh=0.000103  qx=0.000163  qy=0.000198]
epoch  14    6.9s  train total=0.000342 [dh=0.000108  qx=0.000116  qy=0.000118]  val total=0.000466 [dh=0.000106  qx=0.000167  qy=0.000192]
epoch  15    7.1s  train total=0.000316 [dh=0.000105  qx=0.000104  qy=0.000107]  val total=0.000461 [dh=0.000101  qx=0.000168  qy=0.000192]
epoch  16    7.3s  train total=0.000292 [dh=0.000101  qx=0.000094  qy=0.000097]  val total=0.000464 [dh=0.000097  qx=0.000167  qy=0.000200]
epoch  17    7.0s  train total=0.000270 [dh=0.000098  qx=0.000084  qy=0.000087]  val total=0.000449 [dh=0.000094  qx=0.000165  qy=0.000189]
epoch  18    7.1s  train total=0.000247 [dh=0.000094  qx=0.000075  qy=0.000077]  val total=0.000474 [dh=0.000096  qx=0.000179  qy=0.000199]
epoch  19    7.2s  train total=0.000225 [dh=0.000090  qx=0.000067  qy=0.000068]  val total=0.000475 [dh=0.000090  qx=0.000186  qy=0.000199]
epoch  20    7.4s  train total=0.000208 [dh=0.000087  qx=0.000060  qy=0.000061]  val total=0.000459 [dh=0.000088  qx=0.000176  qy=0.000195]
epoch  21    7.2s  train total=0.000190 [dh=0.000083  qx=0.000053  qy=0.000054]  val total=0.000461 [dh=0.000087  qx=0.000175  qy=0.000200]
epoch  22    7.1s  train total=0.000177 [dh=0.000080  qx=0.000049  qy=0.000049]  val total=0.000447 [dh=0.000082  qx=0.000173  qy=0.000192]
epoch  23    7.3s  train total=0.000163 [dh=0.000076  qx=0.000043  qy=0.000044]  val total=0.000456 [dh=0.000084  qx=0.000174  qy=0.000198]
epoch  24    7.4s  train total=0.000152 [dh=0.000073  qx=0.000039  qy=0.000040]  val total=0.000454 [dh=0.000080  qx=0.000179  qy=0.000195]
epoch  25    7.1s  train total=0.000142 [dh=0.000070  qx=0.000036  qy=0.000036]  val total=0.000448 [dh=0.000075  qx=0.000178  qy=0.000195]
epoch  26    7.2s  train total=0.000132 [dh=0.000067  qx=0.000033  qy=0.000033]  val total=0.000457 [dh=0.000073  qx=0.000184  qy=0.000199]
epoch  27    7.2s  train total=0.000125 [dh=0.000065  qx=0.000030  qy=0.000030]  val total=0.000452 [dh=0.000073  qx=0.000178  qy=0.000201]
epoch  28    7.3s  train total=0.000119 [dh=0.000062  qx=0.000028  qy=0.000028]  val total=0.000449 [dh=0.000072  qx=0.000182  qy=0.000195]
epoch  29    7.4s  train total=0.000113 [dh=0.000060  qx=0.000026  qy=0.000026]  val total=0.000450 [dh=0.000072  qx=0.000177  qy=0.000201]
epoch  30    7.2s  train total=0.000106 [dh=0.000058  qx=0.000024  qy=0.000024]  val total=0.000447 [dh=0.000070  qx=0.000182  qy=0.000195]
epoch  31    7.3s  train total=0.000101 [dh=0.000056  qx=0.000022  qy=0.000022]  val total=0.000436 [dh=0.000069  qx=0.000176  qy=0.000191]
epoch  32    7.2s  train total=0.000097 [dh=0.000054  qx=0.000021  qy=0.000021]  val total=0.000430 [dh=0.000069  qx=0.000174  qy=0.000187]
epoch  33    7.3s  train total=0.000092 [dh=0.000053  qx=0.000020  qy=0.000020]  val total=0.000430 [dh=0.000065  qx=0.000175  qy=0.000190]
epoch  34    7.1s  train total=0.000089 [dh=0.000052  qx=0.000019  qy=0.000019]  val total=0.000433 [dh=0.000068  qx=0.000176  qy=0.000189]
epoch  35    7.1s  train total=0.000085 [dh=0.000050  qx=0.000018  qy=0.000018]  val total=0.000417 [dh=0.000066  qx=0.000170  qy=0.000182]
epoch  36    7.3s  train total=0.000083 [dh=0.000049  qx=0.000017  qy=0.000017]  val total=0.000432 [dh=0.000068  qx=0.000173  qy=0.000191]
epoch  37    7.0s  train total=0.000082 [dh=0.000049  qx=0.000016  qy=0.000017]  val total=0.000423 [dh=0.000065  qx=0.000169  qy=0.000188]
epoch  38    6.7s  train total=0.000079 [dh=0.000048  qx=0.000016  qy=0.000016]  val total=0.000433 [dh=0.000075  qx=0.000170  qy=0.000189]
epoch  39    7.3s  train total=0.000080 [dh=0.000048  qx=0.000016  qy=0.000016]  val total=0.000415 [dh=0.000064  qx=0.000169  qy=0.000182]
done. best val total=0.000415
