variant=depth out_channels=1 seed=0 batch=16 device=cuda git=e0d3a55
train sims=1-60 (60)  val sims=61-80 (20)
train examples=5760 steps/epoch=360  val examples=1920
model params=2,706,916
epoch   0    7.1s  train total=0.003677 [dh=0.003677]  val total=0.000219 [dh=0.000219]
epoch   1    6.7s  train total=0.000198 [dh=0.000198]  val total=0.000157 [dh=0.000157]
epoch   2    6.6s  train total=0.000154 [dh=0.000154]  val total=0.000132 [dh=0.000132]
epoch   3    6.7s  train total=0.000137 [dh=0.000137]  val total=0.000122 [dh=0.000122]
epoch   4    6.7s  train total=0.000128 [dh=0.000128]  val total=0.000115 [dh=0.000115]
epoch   5    6.8s  train total=0.000121 [dh=0.000121]  val total=0.000111 [dh=0.000111]
epoch   6    6.6s  train total=0.000116 [dh=0.000116]  val total=0.000106 [dh=0.000106]
epoch   7    6.6s  train total=0.000111 [dh=0.000111]  val total=0.000101 [dh=0.000101]
epoch   8    6.9s  train total=0.000106 [dh=0.000106]  val total=0.000099 [dh=0.000099]
epoch   9    6.7s  train total=0.000103 [dh=0.000103]  val total=0.000101 [dh=0.000101]
epoch  10    6.9s  train total=0.000102 [dh=0.000102]  val total=0.000091 [dh=0.000091]
epoch  11    6.9s  train total=0.000102 [dh=0.000102]  val total=0.000099 [dh=0.000099]
epoch  12    6.7s  train total=0.000099 [dh=0.000099]  val total=0.000118 [dh=0.000118]
epoch  13    7.0s  train total=0.000096 [dh=0.000096]  val total=0.000094 [dh=0.000094]
epoch  14    7.1s  train total=0.000094 [dh=0.000094]  val total=0.000091 [dh=0.000091]
epoch  15    7.0s  train total=0.000091 [dh=0.000091]  val total=0.000092 [dh=0.000092]
epoch  16    6.9s  train total=0.000088 [dh=0.000088]  val total=0.000078 [dh=0.000078]
epoch  17    6.9s  train total=0.000084 [dh=0.000084]  val total=0.000080 [dh=0.000080]
epoch  18    6.8s  train total=0.000083 [dh=0.000083]  val total=0.000083 [dh=0.000083]
epoch  19    7.0s  train total=0.000078 [dh=0.000078]  val total=0.000073 [dh=0.000073]
epoch  20    6.7s  train total=0.000077 [dh=0.000077]  val total=0.000076 [dh=0.000076]
epoch  21    6.7s  train total=0.000074 [dh=0.000074]  val total=0.000081 [dh=0.000081]
epoch  22    6.7s  train total=0.000070 [dh=0.000070]  val total=0.000073 [dh=0.000073]
epoch  23    6.9s  train total=0.000068 [dh=0.000068]  val total=0.000075 [dh=0.000075]
epoch  24    6.7s  train total=0.000067 [dh=0.000067]  val total=0.000065 [dh=0.000065]
epoch  25    6.9s  train total=0.000065 [dh=0.000065]  val total=0.000064 [dh=0.000064]
epoch  26    6.9s  train total=0.000062 [dh=0.000062]  val total=0.000074 [dh=0.000074]
epoch  27    6.9s  train total=0.000060 [dh=0.000060]  val total=0.000068 [dh=0.000068]
epoch  28    6.7s  train total=0.000058 [dh=0.000058]  val total=0.000071 [dh=0.000071]
epoch  29    6.8s  train total=0.000061 [dh=0.000061]  val total=0.000060 [dh=0.000060]
epoch  30    6.8s  train total=0.000055 [dh=0.000055]  val total=0.000059 [dh=0.000059]
epoch  31    6.9s  train total=0.000053 [dh=0.000053]  val total=0.000059 [dh=0.000059]
epoch  32    6.7s  train total=0.000053 [dh=0.000053]  val total=0.000063 [dh=0.000063]
epoch  33    6.9s  train total=0.000050 [dh=0.000050]  val total=0.000058 [dh=0.000058]
epoch  34    6.7s  train total=0.000051 [dh=0.000051]  val total=0.000062 [dh=0.000062]
epoch  35    6.8s  train total=0.000048 [dh=0.000048]  val total=0.000057 [dh=0.000057]
epoch  36    6.9s  train total=0.000046 [dh=0.000046]  val total=0.000058 [dh=0.000058]
epoch  37    6.9s  train total=0.000046 [dh=0.000046]  val total=0.000057 [dh=0.000057]
epoch  38    6.9s  train total=0.000046 [dh=0.000046]  val total=0.000067 [dh=0.000067]
epoch  39    6.7s  train total=0.000047 [dh=0.000047]  val total=0.000063 [dh=0.000063]
done. best val total=0.000057
