variant=depth out_channels=1 seed=2 batch=16 device=cuda git=e0d3a55
train sims=1-60 (60)  val sims=61-80 (20)
train examples=5760 steps/epoch=360  val examples=1920
model params=2,706,916
epoch   0    7.3s  train total=0.002994 [dh=0.002994]  val total=0.000208 [dh=0.000208]
epoch   1    6.9s  train total=0.000188 [dh=0.000188]  val total=0.000149 [dh=0.000149]
epoch   2    6.7s  train total=0.000149 [dh=0.000149]  val total=0.000128 [dh=0.000128]
epoch   3    6.8s  train total=0.000133 [dh=0.000133]  val total=0.000118 [dh=0.000118]
epoch   4    7.0s  train total=0.000124 [dh=0.000124]  val total=0.000112 [dh=0.000112]
epoch   5    7.0s  train total=0.000117 [dh=0.000117]  val total=0.000108 [dh=0.000108]
epoch   6    6.8s  train total=0.000111 [dh=0.000111]  val total=0.000101 [dh=0.000101]
epoch   7    6.8s  train total=0.000107 [dh=0.000107]  val total=0.000098 [dh=0.000098]
epoch   8    6.9s  train total=0.000104 [dh=0.000104]  val total=0.000095 [dh=0.000095]
epoch   9    6.9s  train total=0.000103 [dh=0.000103]  val total=0.000109 [dh=0.000109]
epoch  10    7.1s  train total=0.000102 [dh=0.000102]  val total=0.000096 [dh=0.000096]
epoch  11    6.9s  train total=0.000099 [dh=0.000099]  val total=0.000090 [dh=0.000090]
epoch  12    7.0s  train total=0.000097 [dh=0.000097]  val total=0.000093 [dh=0.000093]
epoch  13    7.1s  train total=0.000092 [dh=0.000092]  val total=0.000083 [dh=0.000083]
epoch  14    6.9s  train total=0.000091 [dh=0.000091]  val total=0.000086 [dh=0.000086]
epoch  15    6.9s  train total=0.000086 [dh=0.000086]  val total=0.000082 [dh=0.000082]
epoch  16    6.9s  train total=0.000083 [dh=0.000083]  val total=0.000082 [dh=0.000082]
epoch  17    7.0s  train total=0.000080 [dh=0.000080]  val total=0.000073 [dh=0.000073]
epoch  18    7.1s  train total=0.000077 [dh=0.000077]  val total=0.000076 [dh=0.000076]
epoch  19    7.0s  train total=0.000075 [dh=0.000075]  val total=0.000073 [dh=0.000073]
epoch  20    6.8s  train total=0.000073 [dh=0.000073]  val total=0.000070 [dh=0.000070]
epoch  21    6.8s  train total=0.000070 [dh=0.000070]  val total=0.000067 [dh=0.000067]
epoch  22    7.0s  train total=0.000068 [dh=0.000068]  val total=0.000064 [dh=0.000064]
epoch  23    6.9s  train total=0.000065 [dh=0.000065]  val total=0.000067 [dh=0.000067]
epoch  24    6.6s  train total=0.000063 [dh=0.000063]  val total=0.000069 [dh=0.000069]
epoch  25    6.9s  train total=0.000060 [dh=0.000060]  val total=0.000063 [dh=0.000063]
epoch  26    7.1s  train total=0.000060 [dh=0.000060]  val total=0.000059 [dh=0.000059]
epoch  27    6.7s  train total=0.000059 [dh=0.000059]  val total=0.000073 [dh=0.000073]
epoch  28    6.8s  train total=0.000057 [dh=0.000057]  val total=0.000064 [dh=0.000064]
epoch  29    6.6s  train total=0.000054 [dh=0.000054]  val total=0.000059 [dh=0.000059]
epoch  30    6.8s  train total=0.000053 [dh=0.000053]  val total=0.000065 [dh=0.000065]
epoch  31    6.9s  train total=0.000053 [dh=0.000053]  val total=0.000054 [dh=0.000054]
epoch  32    6.8s  train total=0.000051 [dh=0.000051]  val total=0.000059 [dh=0.000059]
epoch  33    6.9s  train total=0.000049 [dh=0.000049]  val total=0.000079 [dh=0.000079]
epoch  34    6.7s  train total=0.000051 [dh=0.000051]  val total=0.000061 [dh=0.000061]
epoch  35    6.7s  train total=0.000047 [dh=0.000047]  val total=0.000058 [dh=0.000058]
epoch  36    6.8s  train total=0.000045 [dh=0.000045]  val total=0.000059 [dh=0.000059]
epoch  37    6.7s  train total=0.000046 [dh=0.000046]  val total=0.000064 [dh=0.000064]
epoch  38    6.9s  train total=0.000044 [dh=0.000044]  val total=0.000056 [dh=0.000056]
epoch  39    6.7s  train total=0.000046 [dh=0.000046]  val total=0.000055 [dh=0.000055]
done. best val total=0.000054
