variant=directional out_channels=3 seed=2 batch=16 device=cuda git=e0d3a55
discharge_weight=1.0
train sims=1-60 (60)  val sims=61-80 (20)
train examples=5760 steps/epoch=360  val examples=1920
model params=2,731,620
epoch   0    7.3s  train total=0.011138 [dh=0.003562  qx=0.003690  qy=0.003887]  val total=0.000977 [dh=0.000225  qx=0.000344  qy=0.000408]
epoch   1    7.2s  train total=0.000867 [dh=0.000206  qx=0.000314  qy=0.000347]  val total=0.000757 [dh=0.000158  qx=0.000270  qy=0.000328]
epoch   2    7.0s  train total=0.000714 [dh=0.000160  qx=0.000262  qy=0.000292]  val total=0.000675 [dh=0.000135  qx=0.000242  qy=0.000298]
epoch   3    6.9s  train total=0.000648 [dh=0.000142  qx=0.000239  qy=0.000267]  val total=0.000634 [dh=0.000125  qx=0.000228  qy=0.000281]
epoch   4    6.9s  train total=0.000610 [dh=0.000133  qx=0.000225  qy=0.000252]  val total=0.000609 [dh=0.000119  qx=0.000219  qy=0.000271]
epoch   5    7.0s  train total=0.000582 [dh=0.000127  qx=0.000215  qy=0.000240]  val total=0.000589 [dh=0.000116  qx=0.000211  qy=0.000262]
epoch   6    6.9s  train total=0.000558 [dh=0.000123  qx=0.000206  qy=0.000228]  val total=0.000569 [dh=0.000112  qx=0.000204  qy=0.000252]
epoch   7    7.4s  train total=0.000532 [dh=0.000120  qx=0.000197  qy=0.000214]  val total=0.000545 [dh=0.000110  qx=0.000194  qy=0.000241]
epoch   8    7.0s  train total=0.000499 [dh=0.000118  qx=0.000187  qy=0.000194]  val total=0.000523 [dh=0.000110  qx=0.000185  qy=0.000228]
epoch   9    7.1s  train total=0.000466 [dh=0.000117  qx=0.000176  qy=0.000172]  val total=0.000505 [dh=0.000111  qx=0.000179  qy=0.000216]
epoch  10    6.8s  train total=0.000436 [dh=0.000117  qx=0.000163  qy=0.000157]  val total=0.000491 [dh=0.000111  qx=0.000169  qy=0.000212]
epoch  11    7.0s  train total=0.000412 [dh=0.000116  qx=0.000150  qy=0.000147]  val total=0.000484 [dh=0.000112  qx=0.000163  qy=0.000209]
epoch  12    6.9s  train total=0.000390 [dh=0.000114  qx=0.000138  qy=0.000138]  val total=0.000479 [dh=0.000108  qx=0.000162  qy=0.000209]
epoch  13    7.1s  train total=0.000368 [dh=0.000112  qx=0.000127  qy=0.000129]  val total=0.000478 [dh=0.000108  qx=0.000161  qy=0.000209]
epoch  14    7.0s  train total=0.000347 [dh=0.000110  qx=0.000118  qy=0.000120]  val total=0.000449 [dh=0.000100  qx=0.000153  qy=0.000195]
epoch  15    6.9s  train total=0.000324 [dh=0.000106  qx=0.000107  qy=0.000110]  val total=0.000449 [dh=0.000099  qx=0.000156  qy=0.000194]
epoch  16    7.0s  train total=0.000301 [dh=0.000103  qx=0.000097  qy=0.000100]  val total=0.000466 [dh=0.000097  qx=0.000163  qy=0.000206]
epoch  17    7.2s  train total=0.000276 [dh=0.000099  qx=0.000088  qy=0.000090]  val total=0.000459 [dh=0.000095  qx=0.000165  qy=0.000198]
epoch  18    7.1s  train total=0.000256 [dh=0.000096  qx=0.000079  qy=0.000080]  val total=0.000463 [dh=0.000091  qx=0.000167  qy=0.000205]
epoch  19    6.9s  train total=0.000236 [dh=0.000093  qx=0.000071  qy=0.000072]  val total=0.000469 [dh=0.000091  qx=0.000173  qy=0.000205]
epoch  20    7.1s  train total=0.000216 [dh=0.000089  qx=0.000064  qy=0.000064]  val total=0.000463 [dh=0.000090  qx=0.000170  qy=0.000203]
epoch  21    7.0s  train total=0.000198 [dh=0.000085  qx=0.000057  qy=0.000057]  val total=0.000473 [dh=0.000086  qx=0.000177  qy=0.000211]
epoch  22    7.0s  train total=0.000184 [dh=0.000082  qx=0.000051  qy=0.000051]  val total=0.000458 [dh=0.000086  qx=0.000172  qy=0.000199]
epoch  23    7.0s  train total=0.000170 [dh=0.000078  qx=0.000046  qy=0.000046]  val total=0.000451 [dh=0.000081  qx=0.000172  qy=0.000198]
epoch  24    7.1s  train total=0.000157 [dh=0.000074  qx=0.000041  qy=0.000041]  val total=0.000445 [dh=0.000078  qx=0.000168  qy=0.000199]
epoch  25    7.0s  train total=0.000147 [dh=0.000072  qx=0.000038  qy=0.000038]  val total=0.000437 [dh=0.000075  qx=0.000162  qy=0.000200]
epoch  26    7.2s  train total=0.000135 [dh=0.000068  qx=0.000034  qy=0.000034]  val total=0.000444 [dh=0.000077  qx=0.000166  qy=0.000201]
epoch  27    7.0s  train total=0.000128 [dh=0.000066  qx=0.000031  qy=0.000031]  val total=0.000435 [dh=0.000075  qx=0.000164  qy=0.000197]
epoch  28    7.0s  train total=0.000121 [dh=0.000064  qx=0.000029  qy=0.000029]  val total=0.000436 [dh=0.000074  qx=0.000165  qy=0.000197]
epoch  29    6.9s  train total=0.000114 [dh=0.000061  qx=0.000026  qy=0.000027]  val total=0.000437 [dh=0.000077  qx=0.000164  qy=0.000196]
epoch  30    7.0s  train total=0.000109 [dh=0.000059  qx=0.000025  qy=0.000025]  val total=0.000430 [dh=0.000073  qx=0.000162  qy=0.000195]
epoch  31    7.2s  train total=0.000103 [dh=0.000057  qx=0.000023  qy=0.000023]  val total=0.000421 [dh=0.000070  qx=0.000158  qy=0.000193]
epoch  32    7.3s  train total=0.000099 [dh=0.000056  qx=0.000022  qy=0.000022]  val total=0.000418 [dh=0.000072  qx=0.000157  qy=0.000189]
epoch  33    7.2s  train total=0.000095 [dh=0.000054  qx=0.000020  qy=0.000021]  val total=0.000422 [dh=0.000073  qx=0.000159  qy=0.000190]
epoch  34    7.2s  train total=0.000092 [dh=0.000053  qx=0.000019  qy=0.000020]  val total=0.000403 [dh=0.000067  qx=0.000152  qy=0.000184]
epoch  35    7.5s  train total=0.000089 [dh=0.000052  qx=0.000018  qy=0.000019]  val total=0.000406 [dh=0.000069  qx=0.000152  qy=0.000185]
epoch  36    7.3s  train total=0.000084 [dh=0.000050  qx=0.000017  qy=0.000017]  val total=0.000405 [dh=0.000066  qx=0.000148  qy=0.000190]
epoch  37    6.8s  train total=0.000082 [dh=0.000049  qx=0.000016  qy=0.000016]  val total=0.000415 [dh=0.000072  qx=0.000155  qy=0.000188]
epoch  38    7.4s  train total=0.000081 [dh=0.000049  qx=0.000016  qy=0.000016]  val total=0.000398 [dh=0.000067  qx=0.000148  qy=0.000184]
epoch  39    6.7s  train total=0.000078 [dh=0.000047  qx=0.000015  qy=0.000015]  val total=0.000394 [dh=0.000063  qx=0.000147  qy=0.000184]
done. best val total=0.000394
