variant=1 batch=4 device=cuda git=d3333a3
/root/projects/hydraulic-attention/.venv/lib/python3.12/site-packages/rasterio/__init__.py:367: NotGeoreferencedWarning: Dataset has no geotransform, gcps, or rpcs. The identity matrix will be returned.
  dataset = DatasetReader(path, driver=driver, sharing=sharing, thread_safe=thread_safe, **kwargs)
  0/2304
  200/2304
  400/2304
  600/2304
  800/2304
  1000/2304
  1200/2304
  1400/2304
  1600/2304
  1800/2304
  2000/2304
  2200/2304
examples=20304 steps/epoch=5076
e0 s50 loss=0.04430 26.7it/s
e0 s100 loss=0.02291 31.3it/s
e0 s150 loss=0.01557 33.0it/s
e0 s200 loss=0.01186 33.9it/s
e0 s250 loss=0.00963 34.6it/s
e0 s300 loss=0.00812 35.0it/s
e0 s350 loss=0.00702 35.3it/s
e0 s400 loss=0.00620 35.6it/s
e0 s450 loss=0.00556 35.9it/s
e0 s500 loss=0.00505 36.1it/s
e0 s550 loss=0.00462 36.1it/s
e0 s600 loss=0.00426 36.2it/s
e0 s650 loss=0.00396 36.3it/s
e0 s700 loss=0.00371 36.4it/s
e0 s750 loss=0.00349 36.5it/s
e0 s800 loss=0.00330 36.4it/s
e0 s850 loss=0.00312 36.3it/s
e0 s900 loss=0.00297 36.3it/s
e0 s950 loss=0.00283 36.2it/s
e0 s1000 loss=0.00270 36.1it/s
e0 s1050 loss=0.00258 35.9it/s
e0 s1100 loss=0.00248 35.8it/s
e0 s1150 loss=0.00238 35.8it/s
e0 s1200 loss=0.00230 35.7it/s
e0 s1250 loss=0.00222 35.7it/s
e0 s1300 loss=0.00214 35.6it/s
e0 s1350 loss=0.00207 35.6it/s
e0 s1400 loss=0.00201 35.5it/s
e0 s1450 loss=0.00195 35.5it/s
e0 s1500 loss=0.00189 35.4it/s
e0 s1550 loss=0.00184 35.4it/s
e0 s1600 loss=0.00179 35.3it/s
e0 s1650 loss=0.00174 35.3it/s
e0 s1700 loss=0.00170 35.3it/s
e0 s1750 loss=0.00166 35.3it/s
e0 s1800 loss=0.00162 35.2it/s
e0 s1850 loss=0.00158 35.2it/s
e0 s1900 loss=0.00155 35.2it/s
e0 s1950 loss=0.00152 35.2it/s
e0 s2000 loss=0.00149 35.2it/s
e0 s2050 loss=0.00152 35.1it/s
e0 s2100 loss=0.00150 35.1it/s
e0 s2150 loss=0.00147 35.1it/s
e0 s2200 loss=0.00145 35.1it/s
e0 s2250 loss=0.00142 35.0it/s
e0 s2300 loss=0.00140 35.0it/s
e0 s2350 loss=0.00137 35.0it/s
e0 s2400 loss=0.00135 35.0it/s
e0 s2450 loss=0.00133 35.0it/s
e0 s2500 loss=0.00131 35.0it/s
e0 s2550 loss=0.00129 34.9it/s
e0 s2600 loss=0.00127 34.9it/s
e0 s2650 loss=0.00125 34.9it/s
e0 s2700 loss=0.00124 34.9it/s
e0 s2750 loss=0.00122 34.9it/s
e0 s2800 loss=0.00120 34.9it/s
e0 s2850 loss=0.00119 34.9it/s
e0 s2900 loss=0.00117 34.9it/s
e0 s2950 loss=0.00115 35.0it/s
e0 s3000 loss=0.00114 34.9it/s
e0 s3050 loss=0.00113 34.9it/s
e0 s3100 loss=0.00111 34.9it/s
e0 s3150 loss=0.00110 34.9it/s
e0 s3200 loss=0.00108 35.0it/s
e0 s3250 loss=0.00107 35.0it/s
e0 s3300 loss=0.00106 35.0it/s
e0 s3350 loss=0.00105 35.0it/s
e0 s3400 loss=0.00104 35.0it/s
e0 s3450 loss=0.00103 35.0it/s
e0 s3500 loss=0.00101 35.0it/s
e0 s3550 loss=0.00100 34.9it/s
e0 s3600 loss=0.00099 34.9it/s
e0 s3650 loss=0.00098 34.9it/s
e0 s3700 loss=0.00097 34.9it/s
e0 s3750 loss=0.00096 34.9it/s
e0 s3800 loss=0.00095 34.9it/s
e0 s3850 loss=0.00094 34.9it/s
e0 s3900 loss=0.00094 34.9it/s
e0 s3950 loss=0.00093 34.9it/s
e0 s4000 loss=0.00092 34.9it/s
e0 s4050 loss=0.00091 34.9it/s
e0 s4100 loss=0.00090 34.9it/s
e0 s4150 loss=0.00090 34.9it/s
e0 s4200 loss=0.00089 34.9it/s
e0 s4250 loss=0.00088 34.9it/s
e0 s4300 loss=0.00088 34.9it/s
e0 s4350 loss=0.00087 34.9it/s
e0 s4400 loss=0.00086 34.9it/s
e0 s4450 loss=0.00085 34.9it/s
e0 s4500 loss=0.00085 34.9it/s
e0 s4550 loss=0.00084 34.9it/s
e0 s4600 loss=0.00083 34.9it/s
e0 s4650 loss=0.00083 34.9it/s
e0 s4700 loss=0.00082 34.9it/s
e0 s4750 loss=0.00082 34.9it/s
e0 s4800 loss=0.00081 34.9it/s
e0 s4850 loss=0.00080 34.9it/s
e0 s4900 loss=0.00080 34.9it/s
e0 s4950 loss=0.00079 34.9it/s
e0 s5000 loss=0.00079 35.0it/s
e0 s5050 loss=0.00078 35.0it/s
== epoch 0 done avg_loss=0.00078 best=0.00078 ==
e1 s5100 loss=0.00029 25.0it/s
e1 s5150 loss=0.00024 30.5it/s
e1 s5200 loss=0.00023 31.7it/s
e1 s5250 loss=0.00023 32.7it/s
e1 s5300 loss=0.00023 33.4it/s
e1 s5350 loss=0.00024 33.9it/s
e1 s5400 loss=0.00023 34.2it/s
e1 s5450 loss=0.00024 34.5it/s
e1 s5500 loss=0.00024 34.7it/s
e1 s5550 loss=0.00024 34.6it/s
e1 s5600 loss=0.00024 34.8it/s
e1 s5650 loss=0.00024 35.0it/s
e1 s5700 loss=0.00024 35.2it/s
e1 s5750 loss=0.00025 35.4it/s
e1 s5800 loss=0.00025 35.4it/s
e1 s5850 loss=0.00025 35.4it/s
e1 s5900 loss=0.00025 35.6it/s
e1 s5950 loss=0.00025 35.7it/s
e1 s6000 loss=0.00025 35.7it/s
e1 s6050 loss=0.00025 35.7it/s
e1 s6100 loss=0.00025 35.8it/s
e1 s6150 loss=0.00025 35.9it/s
e1 s6200 loss=0.00025 35.9it/s
e1 s6250 loss=0.00025 36.0it/s
e1 s6300 loss=0.00025 36.0it/s
e1 s6350 loss=0.00025 36.1it/s
e1 s6400 loss=0.00024 36.1it/s
e1 s6450 loss=0.00024 36.1it/s
e1 s6500 loss=0.00024 36.2it/s
e1 s6550 loss=0.00024 36.2it/s
e1 s6600 loss=0.00024 36.3it/s
e1 s6650 loss=0.00024 36.3it/s
e1 s6700 loss=0.00024 36.3it/s
e1 s6750 loss=0.00024 36.3it/s
e1 s6800 loss=0.00024 36.3it/s
e1 s6850 loss=0.00024 36.4it/s
e1 s6900 loss=0.00024 36.4it/s
e1 s6950 loss=0.00024 36.4it/s
e1 s7000 loss=0.00024 36.4it/s
e1 s7050 loss=0.00023 36.3it/s
e1 s7100 loss=0.00024 36.3it/s
e1 s7150 loss=0.00023 36.3it/s
e1 s7200 loss=0.00024 36.3it/s
e1 s7250 loss=0.00024 36.3it/s
e1 s7300 loss=0.00024 36.4it/s
e1 s7350 loss=0.00024 36.4it/s
e1 s7400 loss=0.00024 36.4it/s
e1 s7450 loss=0.00023 36.4it/s
e1 s7500 loss=0.00023 36.5it/s
e1 s7550 loss=0.00023 36.4it/s
e1 s7600 loss=0.00023 36.5it/s
e1 s7650 loss=0.00023 36.5it/s
e1 s7700 loss=0.00023 36.5it/s
e1 s7750 loss=0.00023 36.4it/s
e1 s7800 loss=0.00023 36.4it/s
e1 s7850 loss=0.00023 36.5it/s
e1 s7900 loss=0.00023 36.4it/s
e1 s7950 loss=0.00023 36.4it/s
e1 s8000 loss=0.00023 36.4it/s
e1 s8050 loss=0.00023 36.3it/s
e1 s8100 loss=0.00023 36.3it/s
e1 s8150 loss=0.00023 36.3it/s
e1 s8200 loss=0.00023 36.3it/s
e1 s8250 loss=0.00023 36.3it/s
e1 s8300 loss=0.00023 36.3it/s
e1 s8350 loss=0.00023 36.4it/s
e1 s8400 loss=0.00023 36.4it/s
e1 s8450 loss=0.00023 36.5it/s
e1 s8500 loss=0.00023 36.5it/s
e1 s8550 loss=0.00023 36.5it/s
e1 s8600 loss=0.00023 36.5it/s
e1 s8650 loss=0.00023 36.5it/s
e1 s8700 loss=0.00023 36.5it/s
e1 s8750 loss=0.00022 36.5it/s
e1 s8800 loss=0.00022 36.5it/s
e1 s8850 loss=0.00022 36.5it/s
e1 s8900 loss=0.00022 36.5it/s
e1 s8950 loss=0.00022 36.5it/s
e1 s9000 loss=0.00022 36.5it/s
e1 s9050 loss=0.00022 36.5it/s
e1 s9100 loss=0.00022 36.5it/s
e1 s9150 loss=0.00022 36.5it/s
e1 s9200 loss=0.00022 36.5it/s
e1 s9250 loss=0.00022 36.5it/s
e1 s9300 loss=0.00022 36.6it/s
e1 s9350 loss=0.00022 36.6it/s
e1 s9400 loss=0.00022 36.5it/s
e1 s9450 loss=0.00022 36.5it/s
e1 s9500 loss=0.00022 36.5it/s
e1 s9550 loss=0.00022 36.5it/s
e1 s9600 loss=0.00022 36.5it/s
e1 s9650 loss=0.00022 36.5it/s
e1 s9700 loss=0.00022 36.5it/s
e1 s9750 loss=0.00022 36.5it/s
e1 s9800 loss=0.00022 36.5it/s
e1 s9850 loss=0.00022 36.5it/s
e1 s9900 loss=0.00022 36.5it/s
e1 s9950 loss=0.00022 36.5it/s
e1 s10000 loss=0.00022 36.5it/s
e1 s10050 loss=0.00022 36.4it/s
e1 s10100 loss=0.00022 36.4it/s
e1 s10150 loss=0.00022 36.3it/s
== epoch 1 done avg_loss=0.00022 best=0.00022 ==
e2 s10200 loss=0.00019 28.0it/s
e2 s10250 loss=0.00017 30.8it/s
e2 s10300 loss=0.00017 31.7it/s
e2 s10350 loss=0.00017 32.5it/s
e2 s10400 loss=0.00017 32.8it/s
e2 s10450 loss=0.00017 33.0it/s
e2 s10500 loss=0.00018 33.4it/s
e2 s10550 loss=0.00018 33.4it/s
e2 s10600 loss=0.00018 33.7it/s
e2 s10650 loss=0.00019 33.9it/s
e2 s10700 loss=0.00018 33.8it/s
e2 s10750 loss=0.00018 33.9it/s
e2 s10800 loss=0.00019 34.0it/s
e2 s10850 loss=0.00018 34.1it/s
e2 s10900 loss=0.00019 34.2it/s
e2 s10950 loss=0.00019 34.2it/s
e2 s11000 loss=0.00019 34.3it/s
e2 s11050 loss=0.00019 34.4it/s
e2 s11100 loss=0.00019 34.4it/s
e2 s11150 loss=0.00019 34.5it/s
e2 s11200 loss=0.00019 34.5it/s
e2 s11250 loss=0.00019 34.6it/s
e2 s11300 loss=0.00019 34.6it/s
e2 s11350 loss=0.00019 34.7it/s
e2 s11400 loss=0.00019 34.7it/s
e2 s11450 loss=0.00019 34.8it/s
e2 s11500 loss=0.00019 34.9it/s
e2 s11550 loss=0.00019 34.8it/s
e2 s11600 loss=0.00019 34.8it/s
e2 s11650 loss=0.00019 34.9it/s
e2 s11700 loss=0.00019 34.9it/s
e2 s11750 loss=0.00019 34.9it/s
e2 s11800 loss=0.00019 35.0it/s
e2 s11850 loss=0.00019 35.0it/s
e2 s11900 loss=0.00019 35.0it/s
e2 s11950 loss=0.00019 35.1it/s
e2 s12000 loss=0.00019 35.1it/s
e2 s12050 loss=0.00019 35.1it/s
e2 s12100 loss=0.00019 35.1it/s
e2 s12150 loss=0.00019 35.1it/s
e2 s12200 loss=0.00019 35.1it/s
e2 s12250 loss=0.00019 35.1it/s
e2 s12300 loss=0.00019 35.2it/s
e2 s12350 loss=0.00019 35.2it/s
e2 s12400 loss=0.00019 35.1it/s
e2 s12450 loss=0.00019 35.2it/s
e2 s12500 loss=0.00019 35.2it/s
e2 s12550 loss=0.00019 35.1it/s
e2 s12600 loss=0.00019 35.1it/s
e2 s12650 loss=0.00019 35.1it/s
e2 s12700 loss=0.00019 35.1it/s
e2 s12750 loss=0.00019 35.1it/s
e2 s12800 loss=0.00019 35.1it/s
e2 s12850 loss=0.00019 35.1it/s
e2 s12900 loss=0.00019 35.1it/s
e2 s12950 loss=0.00019 35.1it/s
e2 s13000 loss=0.00019 35.2it/s
e2 s13050 loss=0.00019 35.1it/s
e2 s13100 loss=0.00019 35.1it/s
e2 s13150 loss=0.00019 35.1it/s
e2 s13200 loss=0.00019 35.2it/s
e2 s13250 loss=0.00019 35.2it/s
e2 s13300 loss=0.00019 35.2it/s
e2 s13350 loss=0.00019 35.2it/s
e2 s13400 loss=0.00019 35.2it/s
e2 s13450 loss=0.00019 35.2it/s
e2 s13500 loss=0.00019 35.3it/s
e2 s13550 loss=0.00019 35.3it/s
e2 s13600 loss=0.00019 35.3it/s
e2 s13650 loss=0.00019 35.3it/s
e2 s13700 loss=0.00019 35.3it/s
e2 s13750 loss=0.00019 35.3it/s
e2 s13800 loss=0.00019 35.3it/s
e2 s13850 loss=0.00019 35.3it/s
e2 s13900 loss=0.00019 35.3it/s
e2 s13950 loss=0.00019 35.3it/s
e2 s14000 loss=0.00018 35.3it/s
e2 s14050 loss=0.00018 35.3it/s
e2 s14100 loss=0.00018 35.3it/s
e2 s14150 loss=0.00018 35.3it/s
e2 s14200 loss=0.00018 35.3it/s
e2 s14250 loss=0.00018 35.3it/s
e2 s14300 loss=0.00018 35.3it/s
e2 s14350 loss=0.00018 35.3it/s
e2 s14400 loss=0.00018 35.3it/s
e2 s14450 loss=0.00018 35.3it/s
e2 s14500 loss=0.00018 35.3it/s
e2 s14550 loss=0.00018 35.3it/s
e2 s14600 loss=0.00018 35.3it/s
e2 s14650 loss=0.00018 35.3it/s
e2 s14700 loss=0.00018 35.3it/s
e2 s14750 loss=0.00018 35.3it/s
e2 s14800 loss=0.00018 35.3it/s
e2 s14850 loss=0.00018 35.3it/s
e2 s14900 loss=0.00018 35.3it/s
e2 s14950 loss=0.00018 35.3it/s
e2 s15000 loss=0.00018 35.3it/s
e2 s15050 loss=0.00018 35.3it/s
e2 s15100 loss=0.00018 35.3it/s
e2 s15150 loss=0.00018 35.3it/s
e2 s15200 loss=0.00018 35.3it/s
== epoch 2 done avg_loss=0.00018 best=0.00018 ==
e3 s15250 loss=0.00014 25.7it/s
e3 s15300 loss=0.00021 33.6it/s
e3 s15350 loss=0.00020 35.6it/s
e3 s15400 loss=0.00019 36.5it/s
e3 s15450 loss=0.00018 36.9it/s
e3 s15500 loss=0.00018 37.2it/s
e3 s15550 loss=0.00020 37.3it/s
e3 s15600 loss=0.00020 37.5it/s
e3 s15650 loss=0.00019 37.7it/s
e3 s15700 loss=0.00018 37.8it/s
e3 s15750 loss=0.00019 37.9it/s
e3 s15800 loss=0.00019 38.0it/s
e3 s15850 loss=0.00019 38.1it/s
e3 s15900 loss=0.00019 38.1it/s
e3 s15950 loss=0.00019 38.1it/s
e3 s16000 loss=0.00019 38.1it/s
e3 s16050 loss=0.00019 38.1it/s
e3 s16100 loss=0.00019 38.1it/s
e3 s16150 loss=0.00018 38.1it/s
e3 s16200 loss=0.00018 38.1it/s
e3 s16250 loss=0.00018 38.1it/s
e3 s16300 loss=0.00018 38.1it/s
e3 s16350 loss=0.00018 38.1it/s
e3 s16400 loss=0.00018 38.2it/s
e3 s16450 loss=0.00018 38.2it/s
e3 s16500 loss=0.00017 38.2it/s
e3 s16550 loss=0.00017 38.2it/s
e3 s16600 loss=0.00017 38.2it/s
e3 s16650 loss=0.00017 38.2it/s
e3 s16700 loss=0.00017 38.2it/s
e3 s16750 loss=0.00017 38.2it/s
e3 s16800 loss=0.00017 38.2it/s
e3 s16850 loss=0.00017 38.3it/s
e3 s16900 loss=0.00017 38.3it/s
e3 s16950 loss=0.00017 38.3it/s
e3 s17000 loss=0.00017 38.3it/s
e3 s17050 loss=0.00017 38.2it/s
e3 s17100 loss=0.00017 38.2it/s
e3 s17150 loss=0.00017 38.2it/s
e3 s17200 loss=0.00017 38.2it/s
e3 s17250 loss=0.00017 38.2it/s
e3 s17300 loss=0.00017 38.2it/s
e3 s17350 loss=0.00017 38.2it/s
e3 s17400 loss=0.00016 38.2it/s
e3 s17450 loss=0.00016 38.2it/s
e3 s17500 loss=0.00016 38.2it/s
e3 s17550 loss=0.00016 38.2it/s
e3 s17600 loss=0.00017 38.2it/s
e3 s17650 loss=0.00016 38.2it/s
e3 s17700 loss=0.00016 38.2it/s
e3 s17750 loss=0.00016 38.2it/s
e3 s17800 loss=0.00016 38.2it/s
e3 s17850 loss=0.00016 38.2it/s
e3 s17900 loss=0.00016 38.2it/s
e3 s17950 loss=0.00016 38.2it/s
e3 s18000 loss=0.00016 38.2it/s
e3 s18050 loss=0.00016 38.2it/s
e3 s18100 loss=0.00016 38.2it/s
e3 s18150 loss=0.00016 38.2it/s
e3 s18200 loss=0.00016 38.2it/s
e3 s18250 loss=0.00016 38.2it/s
e3 s18300 loss=0.00016 38.2it/s
e3 s18350 loss=0.00016 38.2it/s
e3 s18400 loss=0.00016 38.2it/s
e3 s18450 loss=0.00016 38.2it/s
e3 s18500 loss=0.00016 38.2it/s
e3 s18550 loss=0.00016 38.1it/s
e3 s18600 loss=0.00016 38.2it/s
e3 s18650 loss=0.00016 38.2it/s
e3 s18700 loss=0.00016 38.2it/s
e3 s18750 loss=0.00016 38.2it/s
e3 s18800 loss=0.00016 38.2it/s
e3 s18850 loss=0.00016 38.2it/s
e3 s18900 loss=0.00016 38.2it/s
e3 s18950 loss=0.00016 38.2it/s
e3 s19000 loss=0.00016 38.2it/s
e3 s19050 loss=0.00016 38.2it/s
e3 s19100 loss=0.00016 38.2it/s
e3 s19150 loss=0.00016 38.2it/s
e3 s19200 loss=0.00016 38.2it/s
e3 s19250 loss=0.00016 38.2it/s
e3 s19300 loss=0.00016 38.3it/s
e3 s19350 loss=0.00016 38.2it/s
e3 s19400 loss=0.00016 38.2it/s
e3 s19450 loss=0.00016 38.2it/s
e3 s19500 loss=0.00016 38.2it/s
e3 s19550 loss=0.00016 38.2it/s
e3 s19600 loss=0.00016 38.2it/s
e3 s19650 loss=0.00016 38.2it/s
e3 s19700 loss=0.00016 38.3it/s
e3 s19750 loss=0.00016 38.3it/s
e3 s19800 loss=0.00016 38.3it/s
e3 s19850 loss=0.00016 38.3it/s
e3 s19900 loss=0.00016 38.3it/s
e3 s19950 loss=0.00016 38.3it/s
e3 s20000 loss=0.00016 38.3it/s
e3 s20050 loss=0.00016 38.3it/s
e3 s20100 loss=0.00016 38.3it/s
e3 s20150 loss=0.00016 38.3it/s
e3 s20200 loss=0.00016 38.3it/s
e3 s20250 loss=0.00016 38.3it/s
e3 s20300 loss=0.00016 38.2it/s
== epoch 3 done avg_loss=0.00016 best=0.00016 ==
e4 s20350 loss=0.00012 30.8it/s
e4 s20400 loss=0.00012 33.7it/s
e4 s20450 loss=0.00012 34.9it/s
e4 s20500 loss=0.00012 35.4it/s
e4 s20550 loss=0.00012 35.3it/s
e4 s20600 loss=0.00012 35.6it/s
e4 s20650 loss=0.00012 35.8it/s
e4 s20700 loss=0.00013 36.0it/s
e4 s20750 loss=0.00013 36.1it/s
e4 s20800 loss=0.00013 36.2it/s
e4 s20850 loss=0.00013 36.2it/s
e4 s20900 loss=0.00013 36.3it/s
e4 s20950 loss=0.00013 36.3it/s
e4 s21000 loss=0.00013 36.3it/s
e4 s21050 loss=0.00013 36.1it/s
e4 s21100 loss=0.00013 36.1it/s
e4 s21150 loss=0.00013 36.1it/s
e4 s21200 loss=0.00013 36.0it/s
e4 s21250 loss=0.00013 36.0it/s
e4 s21300 loss=0.00013 36.0it/s
e4 s21350 loss=0.00013 36.0it/s
e4 s21400 loss=0.00013 35.9it/s
e4 s21450 loss=0.00013 35.9it/s
e4 s21500 loss=0.00013 35.9it/s
e4 s21550 loss=0.00013 35.9it/s
e4 s21600 loss=0.00013 35.8it/s
e4 s21650 loss=0.00013 35.9it/s
e4 s21700 loss=0.00013 35.9it/s
e4 s21750 loss=0.00013 36.0it/s
e4 s21800 loss=0.00013 36.0it/s
e4 s21850 loss=0.00013 36.1it/s
e4 s21900 loss=0.00014 36.1it/s
e4 s21950 loss=0.00014 36.1it/s
e4 s22000 loss=0.00014 36.1it/s
e4 s22050 loss=0.00014 36.1it/s
e4 s22100 loss=0.00014 36.1it/s
e4 s22150 loss=0.00014 36.1it/s
e4 s22200 loss=0.00014 36.1it/s
e4 s22250 loss=0.00014 36.2it/s
e4 s22300 loss=0.00014 36.2it/s
e4 s22350 loss=0.00014 36.2it/s
e4 s22400 loss=0.00014 36.2it/s
e4 s22450 loss=0.00014 36.2it/s
e4 s22500 loss=0.00014 36.2it/s
e4 s22550 loss=0.00014 36.2it/s
e4 s22600 loss=0.00014 36.2it/s
e4 s22650 loss=0.00014 36.2it/s
e4 s22700 loss=0.00014 36.2it/s
e4 s22750 loss=0.00013 36.2it/s
e4 s22800 loss=0.00013 36.3it/s
e4 s22850 loss=0.00013 36.3it/s
e4 s22900 loss=0.00013 36.3it/s
e4 s22950 loss=0.00013 36.3it/s
e4 s23000 loss=0.00013 36.3it/s
e4 s23050 loss=0.00013 36.3it/s
e4 s23100 loss=0.00013 36.3it/s
e4 s23150 loss=0.00013 36.4it/s
e4 s23200 loss=0.00013 36.4it/s
e4 s23250 loss=0.00013 36.4it/s
e4 s23300 loss=0.00013 36.4it/s
e4 s23350 loss=0.00013 36.4it/s
e4 s23400 loss=0.00013 36.4it/s
e4 s23450 loss=0.00013 36.5it/s
e4 s23500 loss=0.00013 36.5it/s
e4 s23550 loss=0.00013 36.5it/s
e4 s23600 loss=0.00013 36.5it/s
e4 s23650 loss=0.00013 36.5it/s
e4 s23700 loss=0.00013 36.5it/s
e4 s23750 loss=0.00013 36.5it/s
e4 s23800 loss=0.00013 36.5it/s
e4 s23850 loss=0.00013 36.5it/s
e4 s23900 loss=0.00013 36.5it/s
e4 s23950 loss=0.00013 36.5it/s
e4 s24000 loss=0.00013 36.5it/s
e4 s24050 loss=0.00013 36.5it/s
e4 s24100 loss=0.00013 36.5it/s
e4 s24150 loss=0.00013 36.5it/s
e4 s24200 loss=0.00013 36.5it/s
e4 s24250 loss=0.00013 36.5it/s
e4 s24300 loss=0.00013 36.5it/s
e4 s24350 loss=0.00013 36.5it/s
e4 s24400 loss=0.00013 36.5it/s
e4 s24450 loss=0.00013 36.6it/s
e4 s24500 loss=0.00013 36.6it/s
e4 s24550 loss=0.00013 36.6it/s
e4 s24600 loss=0.00013 36.6it/s
e4 s24650 loss=0.00013 36.6it/s
e4 s24700 loss=0.00013 36.6it/s
e4 s24750 loss=0.00013 36.6it/s
e4 s24800 loss=0.00013 36.6it/s
e4 s24850 loss=0.00013 36.6it/s
e4 s24900 loss=0.00013 36.6it/s
e4 s24950 loss=0.00013 36.6it/s
e4 s25000 loss=0.00013 36.6it/s
e4 s25050 loss=0.00013 36.6it/s
e4 s25100 loss=0.00013 36.7it/s
e4 s25150 loss=0.00013 36.7it/s
e4 s25200 loss=0.00013 36.7it/s
e4 s25250 loss=0.00013 36.7it/s
e4 s25300 loss=0.00013 36.7it/s
e4 s25350 loss=0.00013 36.8it/s
== epoch 4 done avg_loss=0.00013 best=0.00013 ==
e5 s25400 loss=0.00015 24.6it/s
e5 s25450 loss=0.00016 33.3it/s
e5 s25500 loss=0.00014 35.3it/s
e5 s25550 loss=0.00012 35.9it/s
e5 s25600 loss=0.00012 36.6it/s
e5 s25650 loss=0.00012 37.2it/s
e5 s25700 loss=0.00012 37.5it/s
e5 s25750 loss=0.00012 37.8it/s
e5 s25800 loss=0.00012 38.1it/s
e5 s25850 loss=0.00012 38.3it/s
e5 s25900 loss=0.00013 38.5it/s
e5 s25950 loss=0.00013 38.6it/s
e5 s26000 loss=0.00013 38.7it/s
e5 s26050 loss=0.00013 38.6it/s
e5 s26100 loss=0.00013 38.5it/s
e5 s26150 loss=0.00013 38.6it/s
e5 s26200 loss=0.00013 38.6it/s
e5 s26250 loss=0.00013 38.7it/s
e5 s26300 loss=0.00013 38.9it/s
e5 s26350 loss=0.00013 39.0it/s
e5 s26400 loss=0.00013 39.1it/s
e5 s26450 loss=0.00013 39.2it/s
e5 s26500 loss=0.00013 39.4it/s
e5 s26550 loss=0.00013 39.4it/s
e5 s26600 loss=0.00013 39.5it/s
e5 s26650 loss=0.00013 39.6it/s
e5 s26700 loss=0.00013 39.6it/s
e5 s26750 loss=0.00013 39.6it/s
e5 s26800 loss=0.00013 39.6it/s
e5 s26850 loss=0.00013 39.6it/s
e5 s26900 loss=0.00013 39.6it/s
e5 s26950 loss=0.00013 39.6it/s
e5 s27000 loss=0.00013 39.6it/s
e5 s27050 loss=0.00013 39.5it/s
e5 s27100 loss=0.00013 39.5it/s
e5 s27150 loss=0.00013 39.5it/s
e5 s27200 loss=0.00013 39.5it/s
e5 s27250 loss=0.00013 39.5it/s
e5 s27300 loss=0.00013 39.5it/s
e5 s27350 loss=0.00013 39.5it/s
e5 s27400 loss=0.00013 39.5it/s
e5 s27450 loss=0.00013 39.5it/s
e5 s27500 loss=0.00013 39.5it/s
e5 s27550 loss=0.00013 39.5it/s
e5 s27600 loss=0.00013 39.5it/s
e5 s27650 loss=0.00013 39.5it/s
e5 s27700 loss=0.00013 39.5it/s
e5 s27750 loss=0.00013 39.5it/s
e5 s27800 loss=0.00013 39.5it/s
e5 s27850 loss=0.00013 39.5it/s
e5 s27900 loss=0.00012 39.4it/s
e5 s27950 loss=0.00012 39.4it/s
e5 s28000 loss=0.00012 39.3it/s
e5 s28050 loss=0.00012 39.2it/s
e5 s28100 loss=0.00012 39.1it/s
e5 s28150 loss=0.00012 39.0it/s
e5 s28200 loss=0.00012 39.0it/s
e5 s28250 loss=0.00012 39.0it/s
e5 s28300 loss=0.00012 39.0it/s
e5 s28350 loss=0.00012 39.0it/s
e5 s28400 loss=0.00012 39.0it/s
e5 s28450 loss=0.00012 38.9it/s
e5 s28500 loss=0.00012 38.9it/s
e5 s28550 loss=0.00012 38.9it/s
e5 s28600 loss=0.00012 38.9it/s
e5 s28650 loss=0.00012 38.9it/s
e5 s28700 loss=0.00012 38.9it/s
e5 s28750 loss=0.00012 39.0it/s
e5 s28800 loss=0.00012 39.0it/s
e5 s28850 loss=0.00012 39.0it/s
e5 s28900 loss=0.00012 39.1it/s
e5 s28950 loss=0.00012 39.1it/s
e5 s29000 loss=0.00012 39.1it/s
e5 s29050 loss=0.00012 39.1it/s
e5 s29100 loss=0.00012 39.1it/s
e5 s29150 loss=0.00012 39.1it/s
e5 s29200 loss=0.00012 39.0it/s
e5 s29250 loss=0.00012 39.0it/s
e5 s29300 loss=0.00012 39.1it/s
e5 s29350 loss=0.00012 39.1it/s
e5 s29400 loss=0.00012 39.1it/s
e5 s29450 loss=0.00012 39.1it/s
e5 s29500 loss=0.00012 39.1it/s
e5 s29550 loss=0.00012 39.1it/s
e5 s29600 loss=0.00012 39.1it/s
e5 s29650 loss=0.00012 39.0it/s
e5 s29700 loss=0.00012 39.0it/s
e5 s29750 loss=0.00012 39.0it/s
e5 s29800 loss=0.00012 39.0it/s
e5 s29850 loss=0.00012 39.0it/s
e5 s29900 loss=0.00012 39.0it/s
e5 s29950 loss=0.00012 39.0it/s
e5 s30000 loss=0.00012 39.0it/s
e5 s30050 loss=0.00012 39.0it/s
e5 s30100 loss=0.00012 39.0it/s
e5 s30150 loss=0.00012 39.0it/s
e5 s30200 loss=0.00012 39.0it/s
e5 s30250 loss=0.00012 39.0it/s
e5 s30300 loss=0.00012 39.0it/s
e5 s30350 loss=0.00012 39.0it/s
e5 s30400 loss=0.00012 39.0it/s
e5 s30450 loss=0.00012 39.0it/s
== epoch 5 done avg_loss=0.00012 best=0.00012 ==
e6 s30500 loss=0.00013 30.2it/s
e6 s30550 loss=0.00013 32.5it/s
e6 s30600 loss=0.00012 33.4it/s
e6 s30650 loss=0.00011 34.1it/s
e6 s30700 loss=0.00012 34.4it/s
e6 s30750 loss=0.00012 34.7it/s
e6 s30800 loss=0.00011 34.6it/s
e6 s30850 loss=0.00011 34.8it/s
e6 s30900 loss=0.00012 35.0it/s
e6 s30950 loss=0.00011 35.3it/s
e6 s31000 loss=0.00012 35.5it/s
e6 s31050 loss=0.00011 35.5it/s
e6 s31100 loss=0.00011 35.7it/s
e6 s31150 loss=0.00011 35.9it/s
e6 s31200 loss=0.00011 36.1it/s
e6 s31250 loss=0.00011 36.3it/s
e6 s31300 loss=0.00011 36.4it/s
e6 s31350 loss=0.00011 36.6it/s
e6 s31400 loss=0.00011 36.6it/s
e6 s31450 loss=0.00011 36.6it/s
e6 s31500 loss=0.00011 36.6it/s
e6 s31550 loss=0.00011 36.6it/s
e6 s31600 loss=0.00012 36.6it/s
e6 s31650 loss=0.00012 36.7it/s
e6 s31700 loss=0.00012 36.7it/s
e6 s31750 loss=0.00012 36.7it/s
e6 s31800 loss=0.00012 36.8it/s
e6 s31850 loss=0.00012 36.8it/s
e6 s31900 loss=0.00012 36.8it/s
e6 s31950 loss=0.00012 36.9it/s
e6 s32000 loss=0.00012 36.9it/s
e6 s32050 loss=0.00012 36.9it/s
e6 s32100 loss=0.00012 37.0it/s
e6 s32150 loss=0.00012 37.0it/s
e6 s32200 loss=0.00012 37.1it/s
e6 s32250 loss=0.00012 37.1it/s
e6 s32300 loss=0.00012 37.2it/s
e6 s32350 loss=0.00012 37.2it/s
e6 s32400 loss=0.00012 37.3it/s
e6 s32450 loss=0.00012 37.3it/s
e6 s32500 loss=0.00012 37.4it/s
e6 s32550 loss=0.00012 37.4it/s
e6 s32600 loss=0.00012 37.4it/s
e6 s32650 loss=0.00012 37.4it/s
e6 s32700 loss=0.00012 37.5it/s
e6 s32750 loss=0.00012 37.5it/s
e6 s32800 loss=0.00012 37.5it/s
e6 s32850 loss=0.00012 37.5it/s
e6 s32900 loss=0.00012 37.5it/s
e6 s32950 loss=0.00012 37.5it/s
e6 s33000 loss=0.00012 37.4it/s
e6 s33050 loss=0.00012 37.4it/s
e6 s33100 loss=0.00012 37.3it/s
e6 s33150 loss=0.00012 37.3it/s
e6 s33200 loss=0.00012 37.3it/s
e6 s33250 loss=0.00012 37.3it/s
e6 s33300 loss=0.00012 37.3it/s
e6 s33350 loss=0.00012 37.3it/s
e6 s33400 loss=0.00012 37.2it/s
e6 s33450 loss=0.00012 37.2it/s
e6 s33500 loss=0.00012 37.2it/s
e6 s33550 loss=0.00012 37.2it/s
e6 s33600 loss=0.00012 37.2it/s
e6 s33650 loss=0.00012 37.2it/s
e6 s33700 loss=0.00012 37.2it/s
e6 s33750 loss=0.00012 37.2it/s
e6 s33800 loss=0.00012 37.3it/s
e6 s33850 loss=0.00012 37.3it/s
e6 s33900 loss=0.00012 37.3it/s
e6 s33950 loss=0.00012 37.3it/s
e6 s34000 loss=0.00012 37.3it/s
e6 s34050 loss=0.00012 37.3it/s
e6 s34100 loss=0.00012 37.2it/s
e6 s34150 loss=0.00012 37.2it/s
e6 s34200 loss=0.00012 37.2it/s
e6 s34250 loss=0.00012 37.2it/s
e6 s34300 loss=0.00012 37.2it/s
e6 s34350 loss=0.00012 37.2it/s
e6 s34400 loss=0.00012 37.2it/s
e6 s34450 loss=0.00012 37.2it/s
e6 s34500 loss=0.00012 37.2it/s
e6 s34550 loss=0.00012 37.1it/s
e6 s34600 loss=0.00012 37.1it/s
e6 s34650 loss=0.00012 37.1it/s
e6 s34700 loss=0.00012 37.1it/s
e6 s34750 loss=0.00011 37.1it/s
e6 s34800 loss=0.00011 37.1it/s
e6 s34850 loss=0.00012 37.1it/s
e6 s34900 loss=0.00012 37.1it/s
e6 s34950 loss=0.00012 37.1it/s
e6 s35000 loss=0.00012 37.1it/s
e6 s35050 loss=0.00012 37.1it/s
e6 s35100 loss=0.00012 37.1it/s
e6 s35150 loss=0.00012 37.1it/s
e6 s35200 loss=0.00011 37.0it/s
e6 s35250 loss=0.00012 37.0it/s
e6 s35300 loss=0.00011 37.0it/s
e6 s35350 loss=0.00011 37.0it/s
e6 s35400 loss=0.00011 37.0it/s
e6 s35450 loss=0.00011 37.0it/s
e6 s35500 loss=0.00011 37.0it/s
== epoch 6 done avg_loss=0.00011 best=0.00011 ==
e7 s35550 loss=0.00012 21.4it/s
e7 s35600 loss=0.00011 31.0it/s
e7 s35650 loss=0.00011 33.3it/s
e7 s35700 loss=0.00011 34.5it/s
e7 s35750 loss=0.00011 35.1it/s
e7 s35800 loss=0.00011 35.6it/s
e7 s35850 loss=0.00010 36.1it/s
e7 s35900 loss=0.00011 36.5it/s
e7 s35950 loss=0.00011 36.6it/s
e7 s36000 loss=0.00011 36.9it/s
e7 s36050 loss=0.00011 37.1it/s
e7 s36100 loss=0.00011 37.4it/s
e7 s36150 loss=0.00011 37.5it/s
e7 s36200 loss=0.00011 37.5it/s
e7 s36250 loss=0.00011 37.5it/s
e7 s36300 loss=0.00011 37.6it/s
e7 s36350 loss=0.00011 37.7it/s
e7 s36400 loss=0.00011 37.8it/s
e7 s36450 loss=0.00011 37.9it/s
e7 s36500 loss=0.00011 38.1it/s
e7 s36550 loss=0.00011 38.1it/s
e7 s36600 loss=0.00011 38.2it/s
e7 s36650 loss=0.00011 38.3it/s
e7 s36700 loss=0.00011 38.3it/s
e7 s36750 loss=0.00011 38.4it/s
e7 s36800 loss=0.00011 38.4it/s
e7 s36850 loss=0.00011 38.3it/s
e7 s36900 loss=0.00011 38.3it/s
e7 s36950 loss=0.00011 38.3it/s
e7 s37000 loss=0.00011 38.2it/s
e7 s37050 loss=0.00011 38.2it/s
e7 s37100 loss=0.00011 38.2it/s
e7 s37150 loss=0.00011 38.2it/s
e7 s37200 loss=0.00011 38.1it/s
e7 s37250 loss=0.00011 38.2it/s
e7 s37300 loss=0.00011 38.1it/s
e7 s37350 loss=0.00011 38.2it/s
e7 s37400 loss=0.00011 38.2it/s
e7 s37450 loss=0.00011 38.2it/s
e7 s37500 loss=0.00011 38.2it/s
e7 s37550 loss=0.00011 38.2it/s
e7 s37600 loss=0.00011 38.1it/s
e7 s37650 loss=0.00011 38.1it/s
e7 s37700 loss=0.00011 38.1it/s
e7 s37750 loss=0.00011 38.1it/s
e7 s37800 loss=0.00011 38.1it/s
e7 s37850 loss=0.00011 38.1it/s
e7 s37900 loss=0.00011 38.1it/s
e7 s37950 loss=0.00011 38.1it/s
e7 s38000 loss=0.00011 38.2it/s
e7 s38050 loss=0.00011 38.1it/s
e7 s38100 loss=0.00011 38.1it/s
e7 s38150 loss=0.00011 38.1it/s
e7 s38200 loss=0.00011 38.1it/s
e7 s38250 loss=0.00011 38.1it/s
e7 s38300 loss=0.00011 38.1it/s
e7 s38350 loss=0.00011 38.1it/s
e7 s38400 loss=0.00011 38.1it/s
e7 s38450 loss=0.00011 38.1it/s
e7 s38500 loss=0.00011 38.2it/s
e7 s38550 loss=0.00011 38.1it/s
e7 s38600 loss=0.00011 38.1it/s
e7 s38650 loss=0.00011 38.1it/s
e7 s38700 loss=0.00011 38.1it/s
e7 s38750 loss=0.00011 38.1it/s
e7 s38800 loss=0.00011 38.1it/s
e7 s38850 loss=0.00011 38.1it/s
e7 s38900 loss=0.00011 38.1it/s
e7 s38950 loss=0.00011 38.1it/s
e7 s39000 loss=0.00011 38.1it/s
e7 s39050 loss=0.00011 38.1it/s
e7 s39100 loss=0.00011 38.1it/s
e7 s39150 loss=0.00011 38.1it/s
e7 s39200 loss=0.00011 38.1it/s
e7 s39250 loss=0.00011 38.1it/s
e7 s39300 loss=0.00011 38.1it/s
e7 s39350 loss=0.00011 38.1it/s
e7 s39400 loss=0.00011 38.1it/s
e7 s39450 loss=0.00011 38.1it/s
e7 s39500 loss=0.00011 38.1it/s
e7 s39550 loss=0.00011 38.0it/s
e7 s39600 loss=0.00011 38.0it/s
e7 s39650 loss=0.00011 38.0it/s
e7 s39700 loss=0.00011 38.0it/s
e7 s39750 loss=0.00011 38.0it/s
e7 s39800 loss=0.00011 38.0it/s
e7 s39850 loss=0.00011 38.0it/s
e7 s39900 loss=0.00011 38.0it/s
e7 s39950 loss=0.00011 38.0it/s
e7 s40000 loss=0.00011 38.1it/s
e7 s40050 loss=0.00011 38.1it/s
e7 s40100 loss=0.00011 38.1it/s
e7 s40150 loss=0.00011 38.1it/s
e7 s40200 loss=0.00011 38.1it/s
e7 s40250 loss=0.00011 38.1it/s
e7 s40300 loss=0.00011 38.1it/s
e7 s40350 loss=0.00011 38.1it/s
e7 s40400 loss=0.00011 38.1it/s
e7 s40450 loss=0.00011 38.1it/s
e7 s40500 loss=0.00011 38.1it/s
e7 s40550 loss=0.00011 38.1it/s
e7 s40600 loss=0.00011 38.2it/s
== epoch 7 done avg_loss=0.00011 best=0.00011 ==
e8 s40650 loss=0.00012 30.5it/s
e8 s40700 loss=0.00011 34.5it/s
e8 s40750 loss=0.00010 35.9it/s
e8 s40800 loss=0.00010 36.7it/s
e8 s40850 loss=0.00010 37.2it/s
e8 s40900 loss=0.00010 37.5it/s
e8 s40950 loss=0.00010 37.7it/s
e8 s41000 loss=0.00010 37.9it/s
e8 s41050 loss=0.00010 37.9it/s
e8 s41100 loss=0.00010 38.1it/s
e8 s41150 loss=0.00010 38.2it/s
e8 s41200 loss=0.00010 38.3it/s
e8 s41250 loss=0.00010 38.4it/s
e8 s41300 loss=0.00010 38.5it/s
e8 s41350 loss=0.00010 38.6it/s
e8 s41400 loss=0.00010 38.7it/s
e8 s41450 loss=0.00010 38.7it/s
e8 s41500 loss=0.00010 38.8it/s
e8 s41550 loss=0.00010 38.8it/s
e8 s41600 loss=0.00010 38.9it/s
e8 s41650 loss=0.00010 38.9it/s
e8 s41700 loss=0.00010 39.0it/s
e8 s41750 loss=0.00010 39.0it/s
e8 s41800 loss=0.00010 39.1it/s
e8 s41850 loss=0.00010 39.1it/s
e8 s41900 loss=0.00010 39.1it/s
e8 s41950 loss=0.00010 39.1it/s
e8 s42000 loss=0.00010 39.2it/s
e8 s42050 loss=0.00010 39.2it/s
e8 s42100 loss=0.00010 39.3it/s
e8 s42150 loss=0.00010 39.3it/s
e8 s42200 loss=0.00010 39.4it/s
e8 s42250 loss=0.00010 39.4it/s
e8 s42300 loss=0.00010 39.3it/s
e8 s42350 loss=0.00010 39.3it/s
e8 s42400 loss=0.00010 39.3it/s
e8 s42450 loss=0.00010 39.4it/s
e8 s42500 loss=0.00010 39.4it/s
e8 s42550 loss=0.00010 39.3it/s
e8 s42600 loss=0.00010 39.3it/s
e8 s42650 loss=0.00010 39.4it/s
e8 s42700 loss=0.00010 39.4it/s
e8 s42750 loss=0.00010 39.4it/s
e8 s42800 loss=0.00010 39.4it/s
e8 s42850 loss=0.00010 39.4it/s
e8 s42900 loss=0.00010 39.4it/s
e8 s42950 loss=0.00010 39.4it/s
e8 s43000 loss=0.00010 39.4it/s
e8 s43050 loss=0.00010 39.3it/s
e8 s43100 loss=0.00010 39.3it/s
e8 s43150 loss=0.00010 39.3it/s
e8 s43200 loss=0.00010 39.4it/s
e8 s43250 loss=0.00010 39.4it/s
e8 s43300 loss=0.00010 39.4it/s
e8 s43350 loss=0.00010 39.4it/s
e8 s43400 loss=0.00010 39.4it/s
e8 s43450 loss=0.00010 39.4it/s
e8 s43500 loss=0.00010 39.4it/s
e8 s43550 loss=0.00010 39.3it/s
e8 s43600 loss=0.00010 39.3it/s
e8 s43650 loss=0.00010 39.3it/s
e8 s43700 loss=0.00010 39.3it/s
e8 s43750 loss=0.00010 39.3it/s
e8 s43800 loss=0.00010 39.3it/s
e8 s43850 loss=0.00010 39.3it/s
e8 s43900 loss=0.00010 39.3it/s
e8 s43950 loss=0.00010 39.3it/s
e8 s44000 loss=0.00010 39.3it/s
e8 s44050 loss=0.00010 39.3it/s
e8 s44100 loss=0.00010 39.3it/s
e8 s44150 loss=0.00010 39.3it/s
e8 s44200 loss=0.00010 39.3it/s
e8 s44250 loss=0.00010 39.4it/s
e8 s44300 loss=0.00010 39.4it/s
e8 s44350 loss=0.00010 39.4it/s
e8 s44400 loss=0.00010 39.4it/s
e8 s44450 loss=0.00010 39.5it/s
e8 s44500 loss=0.00010 39.5it/s
e8 s44550 loss=0.00010 39.4it/s
e8 s44600 loss=0.00010 39.4it/s
e8 s44650 loss=0.00010 39.4it/s
e8 s44700 loss=0.00010 39.4it/s
e8 s44750 loss=0.00010 39.4it/s
e8 s44800 loss=0.00010 39.4it/s
e8 s44850 loss=0.00010 39.4it/s
e8 s44900 loss=0.00010 39.4it/s
e8 s44950 loss=0.00010 39.4it/s
e8 s45000 loss=0.00010 39.5it/s
e8 s45050 loss=0.00010 39.4it/s
e8 s45100 loss=0.00010 39.4it/s
e8 s45150 loss=0.00010 39.4it/s
e8 s45200 loss=0.00010 39.5it/s
e8 s45250 loss=0.00010 39.5it/s
e8 s45300 loss=0.00010 39.5it/s
e8 s45350 loss=0.00010 39.5it/s
e8 s45400 loss=0.00010 39.5it/s
e8 s45450 loss=0.00010 39.5it/s
e8 s45500 loss=0.00010 39.5it/s
e8 s45550 loss=0.00010 39.5it/s
e8 s45600 loss=0.00010 39.5it/s
e8 s45650 loss=0.00010 39.5it/s
== epoch 8 done avg_loss=0.00010 best=0.00010 ==
e9 s45700 loss=0.00010 24.2it/s
e9 s45750 loss=0.00008 33.5it/s
e9 s45800 loss=0.00008 35.4it/s
e9 s45850 loss=0.00008 36.1it/s
e9 s45900 loss=0.00009 36.4it/s
e9 s45950 loss=0.00009 36.3it/s
e9 s46000 loss=0.00009 36.1it/s
e9 s46050 loss=0.00009 35.8it/s
e9 s46100 loss=0.00009 35.8it/s
e9 s46150 loss=0.00009 35.9it/s
e9 s46200 loss=0.00009 36.0it/s
e9 s46250 loss=0.00009 36.1it/s
e9 s46300 loss=0.00009 36.3it/s
e9 s46350 loss=0.00009 36.5it/s
e9 s46400 loss=0.00009 36.6it/s
e9 s46450 loss=0.00009 36.7it/s
e9 s46500 loss=0.00009 36.8it/s
e9 s46550 loss=0.00009 36.7it/s
e9 s46600 loss=0.00009 36.6it/s
e9 s46650 loss=0.00009 36.6it/s
e9 s46700 loss=0.00009 36.5it/s
e9 s46750 loss=0.00009 36.5it/s
e9 s46800 loss=0.00009 36.4it/s
e9 s46850 loss=0.00009 36.4it/s
e9 s46900 loss=0.00009 36.4it/s
e9 s46950 loss=0.00009 36.4it/s
e9 s47000 loss=0.00009 36.3it/s
e9 s47050 loss=0.00009 36.2it/s
e9 s47100 loss=0.00009 36.2it/s
e9 s47150 loss=0.00009 36.2it/s
e9 s47200 loss=0.00009 36.2it/s
e9 s47250 loss=0.00009 36.2it/s
e9 s47300 loss=0.00009 36.2it/s
e9 s47350 loss=0.00009 36.2it/s
e9 s47400 loss=0.00009 36.2it/s
e9 s47450 loss=0.00009 36.2it/s
e9 s47500 loss=0.00009 36.2it/s
e9 s47550 loss=0.00009 36.1it/s
e9 s47600 loss=0.00009 36.1it/s
e9 s47650 loss=0.00009 36.1it/s
e9 s47700 loss=0.00009 36.1it/s
e9 s47750 loss=0.00009 36.1it/s
e9 s47800 loss=0.00009 36.1it/s
e9 s47850 loss=0.00009 36.1it/s
e9 s47900 loss=0.00009 36.1it/s
e9 s47950 loss=0.00009 36.1it/s
e9 s48000 loss=0.00009 36.1it/s
e9 s48050 loss=0.00009 36.1it/s
e9 s48100 loss=0.00009 36.2it/s
e9 s48150 loss=0.00009 36.2it/s
e9 s48200 loss=0.00009 36.2it/s
e9 s48250 loss=0.00009 36.2it/s
e9 s48300 loss=0.00009 36.3it/s
e9 s48350 loss=0.00009 36.3it/s
e9 s48400 loss=0.00009 36.3it/s
e9 s48450 loss=0.00009 36.4it/s
e9 s48500 loss=0.00009 36.4it/s
e9 s48550 loss=0.00009 36.4it/s
e9 s48600 loss=0.00009 36.4it/s
e9 s48650 loss=0.00009 36.4it/s
e9 s48700 loss=0.00009 36.5it/s
e9 s48750 loss=0.00009 36.5it/s
e9 s48800 loss=0.00009 36.5it/s
e9 s48850 loss=0.00009 36.5it/s
e9 s48900 loss=0.00009 36.6it/s
e9 s48950 loss=0.00009 36.6it/s
e9 s49000 loss=0.00009 36.6it/s
e9 s49050 loss=0.00009 36.6it/s
e9 s49100 loss=0.00009 36.6it/s
e9 s49150 loss=0.00009 36.6it/s
e9 s49200 loss=0.00009 36.6it/s
e9 s49250 loss=0.00009 36.6it/s
e9 s49300 loss=0.00009 36.7it/s
e9 s49350 loss=0.00009 36.7it/s
e9 s49400 loss=0.00009 36.7it/s
e9 s49450 loss=0.00009 36.7it/s
e9 s49500 loss=0.00009 36.7it/s
e9 s49550 loss=0.00009 36.7it/s
e9 s49600 loss=0.00009 36.8it/s
e9 s49650 loss=0.00009 36.8it/s
e9 s49700 loss=0.00009 36.8it/s
e9 s49750 loss=0.00009 36.8it/s
e9 s49800 loss=0.00009 36.8it/s
e9 s49850 loss=0.00009 36.8it/s
e9 s49900 loss=0.00009 36.8it/s
e9 s49950 loss=0.00009 36.9it/s
e9 s50000 loss=0.00009 36.9it/s
e9 s50050 loss=0.00009 36.9it/s
e9 s50100 loss=0.00009 36.9it/s
e9 s50150 loss=0.00009 37.0it/s
e9 s50200 loss=0.00009 37.0it/s
e9 s50250 loss=0.00009 37.1it/s
e9 s50300 loss=0.00009 37.1it/s
e9 s50350 loss=0.00009 37.1it/s
e9 s50400 loss=0.00009 37.2it/s
e9 s50450 loss=0.00009 37.2it/s
e9 s50500 loss=0.00009 37.2it/s
e9 s50550 loss=0.00009 37.2it/s
e9 s50600 loss=0.00009 37.3it/s
e9 s50650 loss=0.00009 37.3it/s
e9 s50700 loss=0.00009 37.3it/s
e9 s50750 loss=0.00009 37.4it/s
== epoch 9 done avg_loss=0.00009 best=0.00009 ==
e10 s50800 loss=0.00007 29.3it/s
e10 s50850 loss=0.00008 32.5it/s
e10 s50900 loss=0.00009 33.7it/s
e10 s50950 loss=0.00009 34.5it/s
e10 s51000 loss=0.00008 34.8it/s
e10 s51050 loss=0.00009 34.9it/s
e10 s51100 loss=0.00008 35.2it/s
e10 s51150 loss=0.00008 35.4it/s
e10 s51200 loss=0.00008 35.6it/s
e10 s51250 loss=0.00008 35.8it/s
e10 s51300 loss=0.00008 35.9it/s
e10 s51350 loss=0.00008 36.0it/s
e10 s51400 loss=0.00008 36.1it/s
e10 s51450 loss=0.00008 36.2it/s
e10 s51500 loss=0.00008 36.1it/s
e10 s51550 loss=0.00008 36.0it/s
e10 s51600 loss=0.00008 36.1it/s
e10 s51650 loss=0.00008 36.1it/s
e10 s51700 loss=0.00008 36.2it/s
e10 s51750 loss=0.00008 36.2it/s
e10 s51800 loss=0.00008 36.3it/s
e10 s51850 loss=0.00008 36.3it/s
e10 s51900 loss=0.00008 36.3it/s
e10 s51950 loss=0.00008 36.3it/s
e10 s52000 loss=0.00008 36.3it/s
e10 s52050 loss=0.00008 36.3it/s
e10 s52100 loss=0.00008 36.4it/s
e10 s52150 loss=0.00008 36.4it/s
e10 s52200 loss=0.00008 36.4it/s
e10 s52250 loss=0.00008 36.4it/s
e10 s52300 loss=0.00008 36.4it/s
e10 s52350 loss=0.00008 36.4it/s
e10 s52400 loss=0.00008 36.4it/s
e10 s52450 loss=0.00008 36.4it/s
e10 s52500 loss=0.00008 36.4it/s
e10 s52550 loss=0.00008 36.4it/s
e10 s52600 loss=0.00008 36.4it/s
e10 s52650 loss=0.00008 36.4it/s
e10 s52700 loss=0.00008 36.4it/s
e10 s52750 loss=0.00008 36.4it/s
e10 s52800 loss=0.00008 36.4it/s
e10 s52850 loss=0.00008 36.4it/s
e10 s52900 loss=0.00008 36.4it/s
e10 s52950 loss=0.00008 36.5it/s
e10 s53000 loss=0.00009 36.5it/s
e10 s53050 loss=0.00009 36.4it/s
e10 s53100 loss=0.00009 36.5it/s
e10 s53150 loss=0.00009 36.4it/s
e10 s53200 loss=0.00009 36.4it/s
e10 s53250 loss=0.00009 36.5it/s
e10 s53300 loss=0.00009 36.5it/s
e10 s53350 loss=0.00009 36.5it/s
e10 s53400 loss=0.00009 36.5it/s
e10 s53450 loss=0.00009 36.5it/s
e10 s53500 loss=0.00009 36.5it/s
e10 s53550 loss=0.00009 36.5it/s
e10 s53600 loss=0.00009 36.5it/s
e10 s53650 loss=0.00009 36.5it/s
e10 s53700 loss=0.00009 36.5it/s
e10 s53750 loss=0.00009 36.5it/s
e10 s53800 loss=0.00009 36.4it/s
e10 s53850 loss=0.00009 36.4it/s
e10 s53900 loss=0.00009 36.4it/s
e10 s53950 loss=0.00009 36.4it/s
e10 s54000 loss=0.00009 36.4it/s
e10 s54050 loss=0.00009 36.4it/s
e10 s54100 loss=0.00009 36.4it/s
e10 s54150 loss=0.00009 36.4it/s
e10 s54200 loss=0.00009 36.3it/s
e10 s54250 loss=0.00009 36.3it/s
e10 s54300 loss=0.00009 36.3it/s
e10 s54350 loss=0.00009 36.3it/s
e10 s54400 loss=0.00009 36.3it/s
e10 s54450 loss=0.00009 36.3it/s
e10 s54500 loss=0.00009 36.3it/s
e10 s54550 loss=0.00009 36.3it/s
e10 s54600 loss=0.00009 36.3it/s
e10 s54650 loss=0.00009 36.3it/s
e10 s54700 loss=0.00009 36.3it/s
e10 s54750 loss=0.00009 36.3it/s
e10 s54800 loss=0.00009 36.3it/s
e10 s54850 loss=0.00009 36.3it/s
e10 s54900 loss=0.00009 36.3it/s
e10 s54950 loss=0.00009 36.3it/s
e10 s55000 loss=0.00009 36.3it/s
e10 s55050 loss=0.00009 36.3it/s
e10 s55100 loss=0.00009 36.3it/s
e10 s55150 loss=0.00009 36.3it/s
e10 s55200 loss=0.00009 36.3it/s
e10 s55250 loss=0.00009 36.3it/s
e10 s55300 loss=0.00009 36.3it/s
e10 s55350 loss=0.00009 36.4it/s
e10 s55400 loss=0.00009 36.4it/s
e10 s55450 loss=0.00009 36.4it/s
e10 s55500 loss=0.00009 36.4it/s
e10 s55550 loss=0.00009 36.3it/s
e10 s55600 loss=0.00009 36.3it/s
e10 s55650 loss=0.00009 36.3it/s
e10 s55700 loss=0.00009 36.3it/s
e10 s55750 loss=0.00009 36.3it/s
e10 s55800 loss=0.00009 36.3it/s
== epoch 10 done avg_loss=0.00009 best=0.00009 ==
e11 s55850 loss=0.00015 19.4it/s
e11 s55900 loss=0.00009 28.6it/s
e11 s55950 loss=0.00008 30.7it/s
e11 s56000 loss=0.00008 32.0it/s
e11 s56050 loss=0.00007 32.4it/s
e11 s56100 loss=0.00007 32.9it/s
e11 s56150 loss=0.00008 33.2it/s
e11 s56200 loss=0.00008 33.5it/s
e11 s56250 loss=0.00008 33.5it/s
e11 s56300 loss=0.00008 33.6it/s
e11 s56350 loss=0.00008 33.7it/s
e11 s56400 loss=0.00008 33.9it/s
e11 s56450 loss=0.00008 34.1it/s
e11 s56500 loss=0.00008 34.2it/s
e11 s56550 loss=0.00008 34.1it/s
e11 s56600 loss=0.00008 34.2it/s
e11 s56650 loss=0.00008 34.2it/s
e11 s56700 loss=0.00008 34.2it/s
e11 s56750 loss=0.00008 34.3it/s
e11 s56800 loss=0.00008 34.3it/s
e11 s56850 loss=0.00008 34.2it/s
e11 s56900 loss=0.00008 34.3it/s
e11 s56950 loss=0.00008 34.3it/s
e11 s57000 loss=0.00008 34.3it/s
e11 s57050 loss=0.00008 34.3it/s
e11 s57100 loss=0.00008 34.3it/s
e11 s57150 loss=0.00008 34.4it/s
e11 s57200 loss=0.00008 34.4it/s
e11 s57250 loss=0.00008 34.4it/s
e11 s57300 loss=0.00008 34.4it/s
e11 s57350 loss=0.00008 34.4it/s
e11 s57400 loss=0.00008 34.5it/s
e11 s57450 loss=0.00008 34.5it/s
e11 s57500 loss=0.00008 34.5it/s
e11 s57550 loss=0.00008 34.4it/s
e11 s57600 loss=0.00008 34.5it/s
e11 s57650 loss=0.00008 34.5it/s
e11 s57700 loss=0.00008 34.5it/s
e11 s57750 loss=0.00008 34.5it/s
e11 s57800 loss=0.00008 34.5it/s
e11 s57850 loss=0.00008 34.5it/s
e11 s57900 loss=0.00008 34.5it/s
e11 s57950 loss=0.00008 34.5it/s
e11 s58000 loss=0.00008 34.5it/s
e11 s58050 loss=0.00008 34.4it/s
e11 s58100 loss=0.00008 34.5it/s
e11 s58150 loss=0.00008 34.5it/s
e11 s58200 loss=0.00008 34.5it/s
e11 s58250 loss=0.00008 34.5it/s
e11 s58300 loss=0.00008 34.5it/s
e11 s58350 loss=0.00008 34.5it/s
e11 s58400 loss=0.00008 34.5it/s
e11 s58450 loss=0.00008 34.6it/s
e11 s58500 loss=0.00008 34.5it/s
e11 s58550 loss=0.00008 34.5it/s
e11 s58600 loss=0.00008 34.5it/s
e11 s58650 loss=0.00008 34.5it/s
e11 s58700 loss=0.00008 34.5it/s
e11 s58750 loss=0.00008 34.5it/s
e11 s58800 loss=0.00008 34.5it/s
e11 s58850 loss=0.00008 34.5it/s
e11 s58900 loss=0.00008 34.5it/s
e11 s58950 loss=0.00008 34.6it/s
e11 s59000 loss=0.00008 34.6it/s
e11 s59050 loss=0.00008 34.6it/s
e11 s59100 loss=0.00008 34.6it/s
e11 s59150 loss=0.00008 34.6it/s
e11 s59200 loss=0.00008 34.6it/s
e11 s59250 loss=0.00008 34.6it/s
e11 s59300 loss=0.00008 34.6it/s
e11 s59350 loss=0.00008 34.6it/s
e11 s59400 loss=0.00008 34.6it/s
e11 s59450 loss=0.00008 34.6it/s
e11 s59500 loss=0.00008 34.6it/s
e11 s59550 loss=0.00008 34.6it/s
e11 s59600 loss=0.00008 34.6it/s
e11 s59650 loss=0.00008 34.6it/s
e11 s59700 loss=0.00008 34.6it/s
e11 s59750 loss=0.00008 34.6it/s
e11 s59800 loss=0.00008 34.6it/s
e11 s59850 loss=0.00008 34.7it/s
e11 s59900 loss=0.00008 34.7it/s
e11 s59950 loss=0.00008 34.7it/s
e11 s60000 loss=0.00008 34.7it/s
e11 s60050 loss=0.00008 34.7it/s
e11 s60100 loss=0.00008 34.7it/s
e11 s60150 loss=0.00008 34.7it/s
e11 s60200 loss=0.00008 34.7it/s
e11 s60250 loss=0.00008 34.7it/s
e11 s60300 loss=0.00008 34.7it/s
e11 s60350 loss=0.00008 34.7it/s
e11 s60400 loss=0.00008 34.7it/s
e11 s60450 loss=0.00008 34.7it/s
e11 s60500 loss=0.00008 34.7it/s
e11 s60550 loss=0.00008 34.7it/s
e11 s60600 loss=0.00008 34.7it/s
e11 s60650 loss=0.00008 34.7it/s
e11 s60700 loss=0.00008 34.7it/s
e11 s60750 loss=0.00008 34.7it/s
e11 s60800 loss=0.00008 34.7it/s
e11 s60850 loss=0.00008 34.7it/s
e11 s60900 loss=0.00008 34.7it/s
== epoch 11 done avg_loss=0.00008 best=0.00008 ==
e12 s60950 loss=0.00006 26.8it/s
e12 s61000 loss=0.00007 32.4it/s
e12 s61050 loss=0.00008 34.0it/s
e12 s61100 loss=0.00008 35.2it/s
e12 s61150 loss=0.00008 36.0it/s
e12 s61200 loss=0.00008 36.6it/s
e12 s61250 loss=0.00008 37.1it/s
e12 s61300 loss=0.00008 37.4it/s
e12 s61350 loss=0.00008 37.7it/s
e12 s61400 loss=0.00008 37.9it/s
e12 s61450 loss=0.00008 38.1it/s
e12 s61500 loss=0.00008 38.3it/s
e12 s61550 loss=0.00008 38.3it/s
e12 s61600 loss=0.00008 38.4it/s
e12 s61650 loss=0.00008 38.6it/s
e12 s61700 loss=0.00008 38.7it/s
e12 s61750 loss=0.00008 38.8it/s
e12 s61800 loss=0.00008 38.9it/s
e12 s61850 loss=0.00008 38.9it/s
e12 s61900 loss=0.00008 39.0it/s
e12 s61950 loss=0.00008 39.1it/s
e12 s62000 loss=0.00008 39.1it/s
e12 s62050 loss=0.00008 39.1it/s
e12 s62100 loss=0.00008 39.1it/s
e12 s62150 loss=0.00008 39.2it/s
e12 s62200 loss=0.00008 39.2it/s
e12 s62250 loss=0.00008 39.2it/s
e12 s62300 loss=0.00008 39.3it/s
e12 s62350 loss=0.00008 39.3it/s
e12 s62400 loss=0.00008 39.3it/s
e12 s62450 loss=0.00008 39.3it/s
e12 s62500 loss=0.00008 39.3it/s
e12 s62550 loss=0.00008 39.3it/s
e12 s62600 loss=0.00008 39.3it/s
e12 s62650 loss=0.00008 39.3it/s
e12 s62700 loss=0.00008 39.3it/s
e12 s62750 loss=0.00008 39.4it/s
e12 s62800 loss=0.00008 39.4it/s
e12 s62850 loss=0.00008 39.4it/s
e12 s62900 loss=0.00008 39.4it/s
e12 s62950 loss=0.00008 39.5it/s
e12 s63000 loss=0.00008 39.5it/s
e12 s63050 loss=0.00008 39.5it/s
e12 s63100 loss=0.00008 39.5it/s
e12 s63150 loss=0.00008 39.5it/s
e12 s63200 loss=0.00008 39.5it/s
e12 s63250 loss=0.00008 39.5it/s
e12 s63300 loss=0.00008 39.5it/s
e12 s63350 loss=0.00008 39.5it/s
e12 s63400 loss=0.00008 39.5it/s
e12 s63450 loss=0.00008 39.5it/s
e12 s63500 loss=0.00008 39.5it/s
e12 s63550 loss=0.00008 39.5it/s
e12 s63600 loss=0.00008 39.5it/s
e12 s63650 loss=0.00008 39.5it/s
e12 s63700 loss=0.00008 39.6it/s
e12 s63750 loss=0.00008 39.6it/s
e12 s63800 loss=0.00008 39.6it/s
e12 s63850 loss=0.00008 39.6it/s
e12 s63900 loss=0.00008 39.6it/s
e12 s63950 loss=0.00008 39.6it/s
e12 s64000 loss=0.00008 39.6it/s
e12 s64050 loss=0.00008 39.6it/s
e12 s64100 loss=0.00008 39.6it/s
e12 s64150 loss=0.00008 39.7it/s
e12 s64200 loss=0.00008 39.7it/s
e12 s64250 loss=0.00008 39.7it/s
e12 s64300 loss=0.00008 39.7it/s
e12 s64350 loss=0.00008 39.7it/s
e12 s64400 loss=0.00008 39.7it/s
e12 s64450 loss=0.00008 39.7it/s
e12 s64500 loss=0.00008 39.7it/s
e12 s64550 loss=0.00008 39.7it/s
e12 s64600 loss=0.00008 39.7it/s
e12 s64650 loss=0.00008 39.7it/s
e12 s64700 loss=0.00008 39.7it/s
e12 s64750 loss=0.00008 39.7it/s
e12 s64800 loss=0.00008 39.7it/s
e12 s64850 loss=0.00008 39.7it/s
e12 s64900 loss=0.00008 39.7it/s
e12 s64950 loss=0.00008 39.7it/s
e12 s65000 loss=0.00008 39.7it/s
e12 s65050 loss=0.00008 39.7it/s
e12 s65100 loss=0.00008 39.7it/s
e12 s65150 loss=0.00008 39.7it/s
e12 s65200 loss=0.00008 39.7it/s
e12 s65250 loss=0.00008 39.7it/s
e12 s65300 loss=0.00008 39.7it/s
e12 s65350 loss=0.00008 39.7it/s
e12 s65400 loss=0.00008 39.7it/s
e12 s65450 loss=0.00008 39.7it/s
e12 s65500 loss=0.00008 39.7it/s
e12 s65550 loss=0.00008 39.7it/s
e12 s65600 loss=0.00008 39.7it/s
e12 s65650 loss=0.00008 39.7it/s
e12 s65700 loss=0.00008 39.7it/s
e12 s65750 loss=0.00008 39.7it/s
e12 s65800 loss=0.00008 39.7it/s
e12 s65850 loss=0.00008 39.7it/s
e12 s65900 loss=0.00008 39.7it/s
e12 s65950 loss=0.00008 39.7it/s
== epoch 12 done avg_loss=0.00008 best=0.00008 ==
e13 s66000 loss=0.00008 18.8it/s
e13 s66050 loss=0.00008 30.5it/s
e13 s66100 loss=0.00008 33.2it/s
e13 s66150 loss=0.00007 34.7it/s
e13 s66200 loss=0.00007 35.5it/s
e13 s66250 loss=0.00007 36.0it/s
e13 s66300 loss=0.00007 36.4it/s
e13 s66350 loss=0.00007 36.7it/s
e13 s66400 loss=0.00007 36.9it/s
e13 s66450 loss=0.00007 37.1it/s
e13 s66500 loss=0.00007 37.2it/s
e13 s66550 loss=0.00007 37.2it/s
e13 s66600 loss=0.00007 37.3it/s
e13 s66650 loss=0.00007 37.3it/s
e13 s66700 loss=0.00007 37.3it/s
e13 s66750 loss=0.00007 37.2it/s
e13 s66800 loss=0.00007 37.2it/s
e13 s66850 loss=0.00007 37.2it/s
e13 s66900 loss=0.00007 37.2it/s
e13 s66950 loss=0.00007 37.2it/s
e13 s67000 loss=0.00007 37.2it/s
e13 s67050 loss=0.00008 37.1it/s
e13 s67100 loss=0.00008 37.1it/s
e13 s67150 loss=0.00008 37.1it/s
e13 s67200 loss=0.00008 37.0it/s
e13 s67250 loss=0.00008 37.0it/s
e13 s67300 loss=0.00008 37.0it/s
e13 s67350 loss=0.00008 37.0it/s
e13 s67400 loss=0.00008 37.0it/s
e13 s67450 loss=0.00008 37.0it/s
e13 s67500 loss=0.00008 37.0it/s
e13 s67550 loss=0.00008 36.9it/s
e13 s67600 loss=0.00008 36.9it/s
e13 s67650 loss=0.00008 36.9it/s
e13 s67700 loss=0.00008 36.9it/s
e13 s67750 loss=0.00008 36.9it/s
e13 s67800 loss=0.00008 37.0it/s
e13 s67850 loss=0.00008 37.0it/s
e13 s67900 loss=0.00008 37.0it/s
e13 s67950 loss=0.00008 37.0it/s
e13 s68000 loss=0.00008 37.0it/s
e13 s68050 loss=0.00008 36.9it/s
e13 s68100 loss=0.00008 36.9it/s
e13 s68150 loss=0.00008 36.9it/s
e13 s68200 loss=0.00008 36.9it/s
e13 s68250 loss=0.00008 36.9it/s
e13 s68300 loss=0.00008 36.9it/s
e13 s68350 loss=0.00008 36.9it/s
e13 s68400 loss=0.00008 36.8it/s
e13 s68450 loss=0.00008 36.9it/s
e13 s68500 loss=0.00008 36.9it/s
e13 s68550 loss=0.00008 36.9it/s
e13 s68600 loss=0.00008 36.9it/s
e13 s68650 loss=0.00008 36.9it/s
e13 s68700 loss=0.00008 36.9it/s
e13 s68750 loss=0.00008 36.9it/s
e13 s68800 loss=0.00008 36.9it/s
e13 s68850 loss=0.00008 36.9it/s
e13 s68900 loss=0.00008 36.9it/s
e13 s68950 loss=0.00008 36.9it/s
e13 s69000 loss=0.00008 36.9it/s
e13 s69050 loss=0.00008 36.9it/s
e13 s69100 loss=0.00008 36.9it/s
e13 s69150 loss=0.00008 36.9it/s
e13 s69200 loss=0.00008 36.9it/s
e13 s69250 loss=0.00008 36.9it/s
e13 s69300 loss=0.00008 36.9it/s
e13 s69350 loss=0.00008 37.0it/s
e13 s69400 loss=0.00008 36.9it/s
e13 s69450 loss=0.00008 36.9it/s
e13 s69500 loss=0.00008 36.9it/s
e13 s69550 loss=0.00008 36.9it/s
e13 s69600 loss=0.00008 36.9it/s
e13 s69650 loss=0.00008 36.9it/s
e13 s69700 loss=0.00008 36.9it/s
e13 s69750 loss=0.00008 36.9it/s
e13 s69800 loss=0.00008 37.0it/s
e13 s69850 loss=0.00008 37.0it/s
e13 s69900 loss=0.00008 37.0it/s
e13 s69950 loss=0.00008 37.0it/s
e13 s70000 loss=0.00008 37.1it/s
e13 s70050 loss=0.00008 37.1it/s
e13 s70100 loss=0.00008 37.1it/s
e13 s70150 loss=0.00008 37.1it/s
e13 s70200 loss=0.00008 37.1it/s
e13 s70250 loss=0.00008 37.1it/s
e13 s70300 loss=0.00008 37.1it/s
e13 s70350 loss=0.00008 37.1it/s
e13 s70400 loss=0.00008 37.1it/s
e13 s70450 loss=0.00008 37.1it/s
e13 s70500 loss=0.00008 37.1it/s
e13 s70550 loss=0.00008 37.1it/s
e13 s70600 loss=0.00008 37.1it/s
e13 s70650 loss=0.00008 37.2it/s
e13 s70700 loss=0.00008 37.2it/s
e13 s70750 loss=0.00008 37.2it/s
e13 s70800 loss=0.00008 37.2it/s
e13 s70850 loss=0.00008 37.2it/s
e13 s70900 loss=0.00008 37.1it/s
e13 s70950 loss=0.00008 37.1it/s
e13 s71000 loss=0.00008 37.1it/s
e13 s71050 loss=0.00008 37.1it/s
== epoch 13 done avg_loss=0.00008 best=0.00008 ==
e14 s71100 loss=0.00007 28.1it/s
e14 s71150 loss=0.00006 32.5it/s
e14 s71200 loss=0.00007 34.0it/s
e14 s71250 loss=0.00007 34.8it/s
e14 s71300 loss=0.00007 35.0it/s
e14 s71350 loss=0.00007 35.4it/s
e14 s71400 loss=0.00007 35.7it/s
e14 s71450 loss=0.00007 36.1it/s
e14 s71500 loss=0.00007 36.4it/s
e14 s71550 loss=0.00007 36.5it/s
e14 s71600 loss=0.00007 36.8it/s
e14 s71650 loss=0.00007 36.7it/s
e14 s71700 loss=0.00007 36.7it/s
e14 s71750 loss=0.00007 36.7it/s
e14 s71800 loss=0.00007 36.6it/s
e14 s71850 loss=0.00007 36.5it/s
e14 s71900 loss=0.00007 36.4it/s
e14 s71950 loss=0.00007 36.4it/s
e14 s72000 loss=0.00007 36.2it/s
e14 s72050 loss=0.00007 36.1it/s
e14 s72100 loss=0.00007 36.0it/s
e14 s72150 loss=0.00007 35.9it/s
e14 s72200 loss=0.00007 35.8it/s
e14 s72250 loss=0.00007 35.8it/s
e14 s72300 loss=0.00007 35.8it/s
e14 s72350 loss=0.00007 35.8it/s
e14 s72400 loss=0.00007 35.8it/s
e14 s72450 loss=0.00007 35.8it/s
e14 s72500 loss=0.00007 35.8it/s
e14 s72550 loss=0.00007 35.7it/s
e14 s72600 loss=0.00007 35.7it/s
e14 s72650 loss=0.00007 35.6it/s
e14 s72700 loss=0.00007 35.6it/s
e14 s72750 loss=0.00007 35.6it/s
e14 s72800 loss=0.00007 35.6it/s
e14 s72850 loss=0.00007 35.6it/s
e14 s72900 loss=0.00007 35.6it/s
e14 s72950 loss=0.00007 35.6it/s
e14 s73000 loss=0.00007 35.7it/s
e14 s73050 loss=0.00007 35.6it/s
e14 s73100 loss=0.00007 35.6it/s
e14 s73150 loss=0.00007 35.7it/s
e14 s73200 loss=0.00007 35.7it/s
e14 s73250 loss=0.00007 35.7it/s
e14 s73300 loss=0.00007 35.7it/s
e14 s73350 loss=0.00007 35.7it/s
e14 s73400 loss=0.00007 35.7it/s
e14 s73450 loss=0.00007 35.7it/s
e14 s73500 loss=0.00007 35.7it/s
e14 s73550 loss=0.00007 35.7it/s
e14 s73600 loss=0.00007 35.7it/s
e14 s73650 loss=0.00007 35.7it/s
e14 s73700 loss=0.00007 35.7it/s
e14 s73750 loss=0.00007 35.8it/s
e14 s73800 loss=0.00007 35.7it/s
e14 s73850 loss=0.00007 35.7it/s
e14 s73900 loss=0.00007 35.7it/s
e14 s73950 loss=0.00007 35.7it/s
e14 s74000 loss=0.00008 35.7it/s
e14 s74050 loss=0.00007 35.6it/s
e14 s74100 loss=0.00007 35.6it/s
e14 s74150 loss=0.00007 35.6it/s
e14 s74200 loss=0.00007 35.7it/s
e14 s74250 loss=0.00007 35.7it/s
e14 s74300 loss=0.00007 35.7it/s
e14 s74350 loss=0.00007 35.7it/s
e14 s74400 loss=0.00007 35.7it/s
e14 s74450 loss=0.00007 35.7it/s
e14 s74500 loss=0.00007 35.6it/s
e14 s74550 loss=0.00007 35.6it/s
e14 s74600 loss=0.00007 35.6it/s
e14 s74650 loss=0.00007 35.6it/s
e14 s74700 loss=0.00007 35.5it/s
e14 s74750 loss=0.00007 35.5it/s
e14 s74800 loss=0.00007 35.5it/s
e14 s74850 loss=0.00007 35.5it/s
e14 s74900 loss=0.00007 35.5it/s
e14 s74950 loss=0.00007 35.5it/s
e14 s75000 loss=0.00007 35.5it/s
e14 s75050 loss=0.00007 35.5it/s
e14 s75100 loss=0.00007 35.5it/s
e14 s75150 loss=0.00007 35.5it/s
e14 s75200 loss=0.00007 35.5it/s
e14 s75250 loss=0.00007 35.5it/s
e14 s75300 loss=0.00007 35.5it/s
e14 s75350 loss=0.00007 35.5it/s
e14 s75400 loss=0.00007 35.5it/s
e14 s75450 loss=0.00007 35.5it/s
e14 s75500 loss=0.00007 35.5it/s
e14 s75550 loss=0.00007 35.4it/s
e14 s75600 loss=0.00007 35.4it/s
e14 s75650 loss=0.00007 35.4it/s
e14 s75700 loss=0.00007 35.4it/s
e14 s75750 loss=0.00007 35.4it/s
e14 s75800 loss=0.00007 35.4it/s
e14 s75850 loss=0.00007 35.4it/s
e14 s75900 loss=0.00007 35.4it/s
e14 s75950 loss=0.00007 35.4it/s
e14 s76000 loss=0.00007 35.4it/s
e14 s76050 loss=0.00007 35.4it/s
e14 s76100 loss=0.00007 35.4it/s
== epoch 14 done avg_loss=0.00007 best=0.00007 ==
e15 s76150 loss=0.00004 16.6it/s
e15 s76200 loss=0.00007 30.0it/s
e15 s76250 loss=0.00007 32.3it/s
e15 s76300 loss=0.00007 33.2it/s
e15 s76350 loss=0.00007 33.7it/s
e15 s76400 loss=0.00007 34.0it/s
e15 s76450 loss=0.00007 34.3it/s
e15 s76500 loss=0.00007 34.4it/s
e15 s76550 loss=0.00007 34.3it/s
e15 s76600 loss=0.00007 34.4it/s
e15 s76650 loss=0.00007 34.4it/s
e15 s76700 loss=0.00007 34.5it/s
e15 s76750 loss=0.00007 34.6it/s
e15 s76800 loss=0.00007 34.7it/s
e15 s76850 loss=0.00007 34.8it/s
e15 s76900 loss=0.00007 34.9it/s
e15 s76950 loss=0.00007 35.0it/s
e15 s77000 loss=0.00007 35.0it/s
e15 s77050 loss=0.00007 35.0it/s
e15 s77100 loss=0.00007 35.1it/s
e15 s77150 loss=0.00007 35.2it/s
e15 s77200 loss=0.00007 35.2it/s
e15 s77250 loss=0.00007 35.3it/s
e15 s77300 loss=0.00007 35.3it/s
e15 s77350 loss=0.00007 35.4it/s
e15 s77400 loss=0.00007 35.4it/s
e15 s77450 loss=0.00007 35.4it/s
e15 s77500 loss=0.00007 35.5it/s
e15 s77550 loss=0.00007 35.5it/s
e15 s77600 loss=0.00007 35.5it/s
e15 s77650 loss=0.00007 35.5it/s
e15 s77700 loss=0.00007 35.5it/s
e15 s77750 loss=0.00007 35.6it/s
e15 s77800 loss=0.00007 35.6it/s
e15 s77850 loss=0.00007 35.6it/s
e15 s77900 loss=0.00007 35.7it/s
e15 s77950 loss=0.00007 35.7it/s
e15 s78000 loss=0.00007 35.7it/s
e15 s78050 loss=0.00007 35.6it/s
e15 s78100 loss=0.00007 35.6it/s
e15 s78150 loss=0.00007 35.6it/s
e15 s78200 loss=0.00007 35.6it/s
e15 s78250 loss=0.00007 35.6it/s
e15 s78300 loss=0.00007 35.6it/s
e15 s78350 loss=0.00007 35.6it/s
e15 s78400 loss=0.00007 35.6it/s
e15 s78450 loss=0.00007 35.6it/s
e15 s78500 loss=0.00007 35.6it/s
e15 s78550 loss=0.00007 35.6it/s
e15 s78600 loss=0.00007 35.6it/s
e15 s78650 loss=0.00007 35.6it/s
e15 s78700 loss=0.00007 35.6it/s
e15 s78750 loss=0.00007 35.6it/s
e15 s78800 loss=0.00007 35.6it/s
e15 s78850 loss=0.00007 35.6it/s
e15 s78900 loss=0.00007 35.6it/s
e15 s78950 loss=0.00007 35.6it/s
e15 s79000 loss=0.00007 35.6it/s
e15 s79050 loss=0.00007 35.5it/s
e15 s79100 loss=0.00007 35.5it/s
e15 s79150 loss=0.00007 35.5it/s
e15 s79200 loss=0.00007 35.5it/s
e15 s79250 loss=0.00007 35.5it/s
e15 s79300 loss=0.00007 35.5it/s
e15 s79350 loss=0.00007 35.5it/s
e15 s79400 loss=0.00007 35.5it/s
e15 s79450 loss=0.00007 35.5it/s
e15 s79500 loss=0.00007 35.5it/s
e15 s79550 loss=0.00007 35.5it/s
e15 s79600 loss=0.00007 35.5it/s
e15 s79650 loss=0.00007 35.5it/s
e15 s79700 loss=0.00007 35.5it/s
e15 s79750 loss=0.00007 35.5it/s
e15 s79800 loss=0.00007 35.5it/s
e15 s79850 loss=0.00007 35.5it/s
e15 s79900 loss=0.00007 35.5it/s
e15 s79950 loss=0.00007 35.5it/s
e15 s80000 loss=0.00007 35.5it/s
e15 s80050 loss=0.00007 35.5it/s
e15 s80100 loss=0.00007 35.5it/s
e15 s80150 loss=0.00007 35.5it/s
e15 s80200 loss=0.00007 35.5it/s
e15 s80250 loss=0.00007 35.5it/s
e15 s80300 loss=0.00007 35.5it/s
e15 s80350 loss=0.00007 35.5it/s
e15 s80400 loss=0.00007 35.5it/s
e15 s80450 loss=0.00007 35.5it/s
e15 s80500 loss=0.00007 35.5it/s
e15 s80550 loss=0.00007 35.4it/s
e15 s80600 loss=0.00007 35.4it/s
e15 s80650 loss=0.00007 35.4it/s
e15 s80700 loss=0.00007 35.4it/s
e15 s80750 loss=0.00007 35.4it/s
e15 s80800 loss=0.00007 35.4it/s
e15 s80850 loss=0.00007 35.4it/s
e15 s80900 loss=0.00007 35.4it/s
e15 s80950 loss=0.00007 35.4it/s
e15 s81000 loss=0.00007 35.4it/s
e15 s81050 loss=0.00007 35.4it/s
e15 s81100 loss=0.00007 35.4it/s
e15 s81150 loss=0.00007 35.4it/s
e15 s81200 loss=0.00007 35.4it/s
== epoch 15 done avg_loss=0.00007 best=0.00007 ==
e16 s81250 loss=0.00007 27.0it/s
e16 s81300 loss=0.00008 31.5it/s
e16 s81350 loss=0.00007 32.9it/s
e16 s81400 loss=0.00007 33.5it/s
e16 s81450 loss=0.00007 33.9it/s
e16 s81500 loss=0.00007 34.1it/s
e16 s81550 loss=0.00007 34.1it/s
e16 s81600 loss=0.00007 34.3it/s
e16 s81650 loss=0.00007 34.4it/s
e16 s81700 loss=0.00007 34.5it/s
e16 s81750 loss=0.00007 34.6it/s
e16 s81800 loss=0.00007 34.7it/s
e16 s81850 loss=0.00007 34.7it/s
e16 s81900 loss=0.00007 34.8it/s
e16 s81950 loss=0.00007 34.8it/s
e16 s82000 loss=0.00007 34.9it/s
e16 s82050 loss=0.00007 34.9it/s
e16 s82100 loss=0.00007 35.1it/s
e16 s82150 loss=0.00007 35.2it/s
e16 s82200 loss=0.00007 35.3it/s
e16 s82250 loss=0.00007 35.4it/s
e16 s82300 loss=0.00007 35.5it/s
e16 s82350 loss=0.00007 35.5it/s
e16 s82400 loss=0.00007 35.6it/s
e16 s82450 loss=0.00007 35.7it/s
e16 s82500 loss=0.00007 35.8it/s
e16 s82550 loss=0.00007 35.8it/s
e16 s82600 loss=0.00007 35.8it/s
e16 s82650 loss=0.00007 35.9it/s
e16 s82700 loss=0.00007 35.9it/s
e16 s82750 loss=0.00007 36.0it/s
e16 s82800 loss=0.00007 36.0it/s
e16 s82850 loss=0.00007 36.1it/s
e16 s82900 loss=0.00007 36.1it/s
e16 s82950 loss=0.00007 36.2it/s
e16 s83000 loss=0.00007 36.2it/s
e16 s83050 loss=0.00007 36.2it/s
e16 s83100 loss=0.00007 36.2it/s
e16 s83150 loss=0.00007 36.2it/s
e16 s83200 loss=0.00007 36.3it/s
e16 s83250 loss=0.00007 36.3it/s
e16 s83300 loss=0.00007 36.3it/s
e16 s83350 loss=0.00007 36.4it/s
e16 s83400 loss=0.00007 36.4it/s
e16 s83450 loss=0.00007 36.4it/s
e16 s83500 loss=0.00007 36.4it/s
e16 s83550 loss=0.00007 36.4it/s
e16 s83600 loss=0.00007 36.5it/s
e16 s83650 loss=0.00007 36.5it/s
e16 s83700 loss=0.00007 36.5it/s
e16 s83750 loss=0.00007 36.6it/s
e16 s83800 loss=0.00007 36.6it/s
e16 s83850 loss=0.00007 36.6it/s
e16 s83900 loss=0.00007 36.6it/s
e16 s83950 loss=0.00007 36.7it/s
e16 s84000 loss=0.00007 36.7it/s
e16 s84050 loss=0.00007 36.7it/s
e16 s84100 loss=0.00007 36.7it/s
e16 s84150 loss=0.00007 36.7it/s
e16 s84200 loss=0.00007 36.7it/s
e16 s84250 loss=0.00007 36.8it/s
e16 s84300 loss=0.00007 36.8it/s
e16 s84350 loss=0.00007 36.8it/s
e16 s84400 loss=0.00007 36.8it/s
e16 s84450 loss=0.00007 36.8it/s
e16 s84500 loss=0.00007 36.8it/s
e16 s84550 loss=0.00007 36.8it/s
e16 s84600 loss=0.00007 36.8it/s
e16 s84650 loss=0.00007 36.8it/s
e16 s84700 loss=0.00007 36.8it/s
e16 s84750 loss=0.00007 36.9it/s
e16 s84800 loss=0.00007 36.9it/s
e16 s84850 loss=0.00007 37.0it/s
e16 s84900 loss=0.00007 37.0it/s
e16 s84950 loss=0.00007 37.0it/s
e16 s85000 loss=0.00007 37.0it/s
e16 s85050 loss=0.00007 37.0it/s
e16 s85100 loss=0.00007 37.0it/s
e16 s85150 loss=0.00007 37.0it/s
e16 s85200 loss=0.00007 37.0it/s
e16 s85250 loss=0.00007 37.0it/s
e16 s85300 loss=0.00007 37.0it/s
e16 s85350 loss=0.00007 37.0it/s
e16 s85400 loss=0.00007 37.0it/s
e16 s85450 loss=0.00007 37.0it/s
e16 s85500 loss=0.00007 37.0it/s
e16 s85550 loss=0.00007 37.0it/s
e16 s85600 loss=0.00007 37.0it/s
e16 s85650 loss=0.00007 37.0it/s
e16 s85700 loss=0.00007 37.0it/s
e16 s85750 loss=0.00007 37.0it/s
e16 s85800 loss=0.00007 37.1it/s
e16 s85850 loss=0.00007 37.1it/s
e16 s85900 loss=0.00007 37.0it/s
e16 s85950 loss=0.00007 37.0it/s
e16 s86000 loss=0.00007 37.0it/s
e16 s86050 loss=0.00007 37.0it/s
e16 s86100 loss=0.00007 37.0it/s
e16 s86150 loss=0.00007 37.0it/s
e16 s86200 loss=0.00007 37.0it/s
e16 s86250 loss=0.00007 37.0it/s
== epoch 16 done avg_loss=0.00007 best=0.00007 ==
e17 s86300 loss=0.00005 16.4it/s
e17 s86350 loss=0.00006 33.2it/s
e17 s86400 loss=0.00007 36.3it/s
e17 s86450 loss=0.00007 37.5it/s
e17 s86500 loss=0.00007 38.2it/s
e17 s86550 loss=0.00007 38.1it/s
e17 s86600 loss=0.00007 38.1it/s
e17 s86650 loss=0.00007 38.2it/s
e17 s86700 loss=0.00007 38.3it/s
e17 s86750 loss=0.00007 38.4it/s
e17 s86800 loss=0.00007 38.4it/s
e17 s86850 loss=0.00007 38.5it/s
e17 s86900 loss=0.00008 38.2it/s
e17 s86950 loss=0.00008 38.1it/s
e17 s87000 loss=0.00008 38.0it/s
e17 s87050 loss=0.00008 37.6it/s
e17 s87100 loss=0.00008 37.4it/s
e17 s87150 loss=0.00008 37.3it/s
e17 s87200 loss=0.00007 37.2it/s
e17 s87250 loss=0.00007 37.1it/s
e17 s87300 loss=0.00007 37.0it/s
e17 s87350 loss=0.00007 36.9it/s
e17 s87400 loss=0.00007 36.9it/s
e17 s87450 loss=0.00007 36.8it/s
e17 s87500 loss=0.00007 36.7it/s
e17 s87550 loss=0.00007 36.6it/s
e17 s87600 loss=0.00007 36.5it/s
e17 s87650 loss=0.00007 36.4it/s
e17 s87700 loss=0.00007 36.4it/s
e17 s87750 loss=0.00007 36.3it/s
e17 s87800 loss=0.00007 36.3it/s
e17 s87850 loss=0.00007 36.2it/s
e17 s87900 loss=0.00007 36.2it/s
e17 s87950 loss=0.00007 36.1it/s
e17 s88000 loss=0.00007 36.1it/s
e17 s88050 loss=0.00007 36.0it/s
e17 s88100 loss=0.00007 36.0it/s
e17 s88150 loss=0.00007 35.9it/s
e17 s88200 loss=0.00007 35.9it/s
e17 s88250 loss=0.00007 35.9it/s
e17 s88300 loss=0.00007 35.9it/s
e17 s88350 loss=0.00007 35.9it/s
e17 s88400 loss=0.00007 35.8it/s
e17 s88450 loss=0.00007 35.8it/s
e17 s88500 loss=0.00007 35.8it/s
e17 s88550 loss=0.00007 35.7it/s
e17 s88600 loss=0.00007 35.7it/s
e17 s88650 loss=0.00007 35.6it/s
e17 s88700 loss=0.00007 35.6it/s
e17 s88750 loss=0.00007 35.6it/s
e17 s88800 loss=0.00007 35.6it/s
e17 s88850 loss=0.00007 35.5it/s
e17 s88900 loss=0.00007 35.5it/s
e17 s88950 loss=0.00007 35.5it/s
e17 s89000 loss=0.00007 35.5it/s
e17 s89050 loss=0.00007 35.5it/s
e17 s89100 loss=0.00007 35.5it/s
e17 s89150 loss=0.00007 35.5it/s
e17 s89200 loss=0.00007 35.5it/s
e17 s89250 loss=0.00007 35.5it/s
e17 s89300 loss=0.00007 35.5it/s
e17 s89350 loss=0.00007 35.5it/s
e17 s89400 loss=0.00007 35.4it/s
e17 s89450 loss=0.00007 35.4it/s
e17 s89500 loss=0.00007 35.4it/s
e17 s89550 loss=0.00007 35.4it/s
e17 s89600 loss=0.00007 35.4it/s
e17 s89650 loss=0.00007 35.3it/s
e17 s89700 loss=0.00007 35.3it/s
e17 s89750 loss=0.00007 35.3it/s
e17 s89800 loss=0.00007 35.3it/s
e17 s89850 loss=0.00007 35.3it/s
e17 s89900 loss=0.00007 35.3it/s
e17 s89950 loss=0.00007 35.3it/s
e17 s90000 loss=0.00007 35.3it/s
e17 s90050 loss=0.00007 35.3it/s
e17 s90100 loss=0.00007 35.3it/s
e17 s90150 loss=0.00007 35.3it/s
e17 s90200 loss=0.00007 35.3it/s
e17 s90250 loss=0.00007 35.3it/s
e17 s90300 loss=0.00007 35.3it/s
e17 s90350 loss=0.00007 35.3it/s
e17 s90400 loss=0.00007 35.3it/s
e17 s90450 loss=0.00007 35.3it/s
e17 s90500 loss=0.00007 35.3it/s
e17 s90550 loss=0.00007 35.3it/s
e17 s90600 loss=0.00007 35.3it/s
e17 s90650 loss=0.00007 35.3it/s
e17 s90700 loss=0.00007 35.3it/s
e17 s90750 loss=0.00007 35.3it/s
e17 s90800 loss=0.00007 35.3it/s
e17 s90850 loss=0.00007 35.3it/s
e17 s90900 loss=0.00007 35.3it/s
e17 s90950 loss=0.00007 35.3it/s
e17 s91000 loss=0.00007 35.3it/s
e17 s91050 loss=0.00007 35.3it/s
e17 s91100 loss=0.00007 35.3it/s
e17 s91150 loss=0.00007 35.3it/s
e17 s91200 loss=0.00007 35.3it/s
e17 s91250 loss=0.00007 35.3it/s
e17 s91300 loss=0.00007 35.3it/s
e17 s91350 loss=0.00007 35.3it/s
== epoch 17 done avg_loss=0.00007 best=0.00007 ==
e18 s91400 loss=0.00006 26.7it/s
e18 s91450 loss=0.00008 31.8it/s
e18 s91500 loss=0.00007 33.2it/s
e18 s91550 loss=0.00007 33.5it/s
e18 s91600 loss=0.00007 34.0it/s
e18 s91650 loss=0.00007 34.0it/s
e18 s91700 loss=0.00007 34.2it/s
e18 s91750 loss=0.00007 34.4it/s
e18 s91800 loss=0.00008 34.6it/s
e18 s91850 loss=0.00007 34.7it/s
e18 s91900 loss=0.00007 34.8it/s
e18 s91950 loss=0.00007 34.9it/s
e18 s92000 loss=0.00007 35.0it/s
e18 s92050 loss=0.00007 34.9it/s
e18 s92100 loss=0.00007 35.0it/s
e18 s92150 loss=0.00007 34.9it/s
e18 s92200 loss=0.00007 34.9it/s
e18 s92250 loss=0.00007 34.9it/s
e18 s92300 loss=0.00007 35.0it/s
e18 s92350 loss=0.00007 35.1it/s
e18 s92400 loss=0.00007 35.2it/s
e18 s92450 loss=0.00007 35.2it/s
e18 s92500 loss=0.00007 35.3it/s
e18 s92550 loss=0.00007 35.3it/s
e18 s92600 loss=0.00007 35.3it/s
e18 s92650 loss=0.00007 35.3it/s
e18 s92700 loss=0.00007 35.4it/s
e18 s92750 loss=0.00007 35.4it/s
e18 s92800 loss=0.00007 35.4it/s
e18 s92850 loss=0.00007 35.5it/s
e18 s92900 loss=0.00007 35.5it/s
e18 s92950 loss=0.00007 35.5it/s
e18 s93000 loss=0.00007 35.5it/s
e18 s93050 loss=0.00007 35.5it/s
e18 s93100 loss=0.00007 35.5it/s
e18 s93150 loss=0.00007 35.5it/s
e18 s93200 loss=0.00007 35.5it/s
e18 s93250 loss=0.00007 35.5it/s
e18 s93300 loss=0.00007 35.5it/s
e18 s93350 loss=0.00007 35.5it/s
e18 s93400 loss=0.00007 35.5it/s
e18 s93450 loss=0.00007 35.5it/s
e18 s93500 loss=0.00007 35.4it/s
e18 s93550 loss=0.00007 35.4it/s
e18 s93600 loss=0.00007 35.4it/s
e18 s93650 loss=0.00007 35.4it/s
e18 s93700 loss=0.00007 35.4it/s
e18 s93750 loss=0.00007 35.4it/s
e18 s93800 loss=0.00007 35.4it/s
e18 s93850 loss=0.00007 35.5it/s
e18 s93900 loss=0.00007 35.5it/s
e18 s93950 loss=0.00007 35.5it/s
e18 s94000 loss=0.00007 35.5it/s
e18 s94050 loss=0.00007 35.5it/s
e18 s94100 loss=0.00007 35.5it/s
e18 s94150 loss=0.00007 35.5it/s
e18 s94200 loss=0.00007 35.5it/s
e18 s94250 loss=0.00007 35.4it/s
e18 s94300 loss=0.00007 35.5it/s
e18 s94350 loss=0.00007 35.4it/s
e18 s94400 loss=0.00007 35.4it/s
e18 s94450 loss=0.00007 35.4it/s
e18 s94500 loss=0.00007 35.4it/s
e18 s94550 loss=0.00007 35.4it/s
e18 s94600 loss=0.00007 35.4it/s
e18 s94650 loss=0.00007 35.4it/s
e18 s94700 loss=0.00007 35.4it/s
e18 s94750 loss=0.00007 35.4it/s
e18 s94800 loss=0.00007 35.4it/s
e18 s94850 loss=0.00007 35.4it/s
e18 s94900 loss=0.00007 35.5it/s
e18 s94950 loss=0.00007 35.4it/s
e18 s95000 loss=0.00007 35.4it/s
e18 s95050 loss=0.00007 35.4it/s
e18 s95100 loss=0.00007 35.4it/s
e18 s95150 loss=0.00007 35.4it/s
e18 s95200 loss=0.00007 35.4it/s
e18 s95250 loss=0.00007 35.4it/s
e18 s95300 loss=0.00007 35.4it/s
e18 s95350 loss=0.00007 35.4it/s
e18 s95400 loss=0.00007 35.4it/s
e18 s95450 loss=0.00007 35.4it/s
e18 s95500 loss=0.00007 35.4it/s
e18 s95550 loss=0.00007 35.4it/s
e18 s95600 loss=0.00007 35.4it/s
e18 s95650 loss=0.00007 35.4it/s
e18 s95700 loss=0.00007 35.4it/s
e18 s95750 loss=0.00007 35.4it/s
e18 s95800 loss=0.00007 35.4it/s
e18 s95850 loss=0.00007 35.4it/s
e18 s95900 loss=0.00007 35.4it/s
e18 s95950 loss=0.00007 35.4it/s
e18 s96000 loss=0.00007 35.3it/s
e18 s96050 loss=0.00007 35.3it/s
e18 s96100 loss=0.00007 35.3it/s
e18 s96150 loss=0.00007 35.3it/s
e18 s96200 loss=0.00007 35.3it/s
e18 s96250 loss=0.00007 35.3it/s
e18 s96300 loss=0.00007 35.3it/s
e18 s96350 loss=0.00007 35.3it/s
e18 s96400 loss=0.00007 35.3it/s
== epoch 18 done avg_loss=0.00007 best=0.00007 ==
e19 s96450 loss=0.00008 11.8it/s
e19 s96500 loss=0.00008 29.2it/s
e19 s96550 loss=0.00007 31.3it/s
e19 s96600 loss=0.00007 32.5it/s
e19 s96650 loss=0.00007 33.1it/s
e19 s96700 loss=0.00007 33.4it/s
e19 s96750 loss=0.00007 33.7it/s
e19 s96800 loss=0.00007 33.9it/s
e19 s96850 loss=0.00007 34.0it/s
e19 s96900 loss=0.00007 34.2it/s
e19 s96950 loss=0.00007 34.3it/s
e19 s97000 loss=0.00007 34.4it/s
e19 s97050 loss=0.00007 34.4it/s
e19 s97100 loss=0.00007 34.5it/s
e19 s97150 loss=0.00007 34.5it/s
e19 s97200 loss=0.00007 34.6it/s
e19 s97250 loss=0.00007 34.7it/s
e19 s97300 loss=0.00007 34.7it/s
e19 s97350 loss=0.00007 34.7it/s
e19 s97400 loss=0.00007 34.8it/s
e19 s97450 loss=0.00007 34.8it/s
e19 s97500 loss=0.00007 34.8it/s
e19 s97550 loss=0.00007 34.7it/s
e19 s97600 loss=0.00007 34.7it/s
e19 s97650 loss=0.00007 34.8it/s
e19 s97700 loss=0.00007 34.8it/s
e19 s97750 loss=0.00007 34.8it/s
e19 s97800 loss=0.00007 34.8it/s
e19 s97850 loss=0.00007 34.8it/s
e19 s97900 loss=0.00007 34.8it/s
e19 s97950 loss=0.00007 34.8it/s
e19 s98000 loss=0.00007 34.7it/s
e19 s98050 loss=0.00007 34.7it/s
e19 s98100 loss=0.00007 34.7it/s
e19 s98150 loss=0.00007 34.7it/s
e19 s98200 loss=0.00007 34.7it/s
e19 s98250 loss=0.00007 34.7it/s
e19 s98300 loss=0.00007 34.6it/s
e19 s98350 loss=0.00007 34.6it/s
e19 s98400 loss=0.00007 34.6it/s
e19 s98450 loss=0.00007 34.6it/s
e19 s98500 loss=0.00007 34.6it/s
e19 s98550 loss=0.00007 34.5it/s
e19 s98600 loss=0.00007 34.5it/s
e19 s98650 loss=0.00007 34.5it/s
e19 s98700 loss=0.00007 34.5it/s
e19 s98750 loss=0.00007 34.5it/s
e19 s98800 loss=0.00007 34.5it/s
e19 s98850 loss=0.00007 34.5it/s
e19 s98900 loss=0.00007 34.5it/s
e19 s98950 loss=0.00007 34.5it/s
e19 s99000 loss=0.00007 34.5it/s
e19 s99050 loss=0.00007 34.5it/s
e19 s99100 loss=0.00007 34.5it/s
e19 s99150 loss=0.00007 34.5it/s
e19 s99200 loss=0.00007 34.5it/s
e19 s99250 loss=0.00007 34.5it/s
e19 s99300 loss=0.00007 34.5it/s
e19 s99350 loss=0.00007 34.5it/s
e19 s99400 loss=0.00007 34.5it/s
e19 s99450 loss=0.00007 34.5it/s
e19 s99500 loss=0.00007 34.5it/s
e19 s99550 loss=0.00007 34.4it/s
e19 s99600 loss=0.00007 34.4it/s
e19 s99650 loss=0.00007 34.4it/s
e19 s99700 loss=0.00007 34.4it/s
e19 s99750 loss=0.00007 34.4it/s
e19 s99800 loss=0.00007 34.4it/s
e19 s99850 loss=0.00007 34.4it/s
e19 s99900 loss=0.00007 34.4it/s
e19 s99950 loss=0.00007 34.4it/s
e19 s100000 loss=0.00007 34.4it/s
e19 s100050 loss=0.00007 34.4it/s
e19 s100100 loss=0.00007 34.4it/s
e19 s100150 loss=0.00007 34.4it/s
e19 s100200 loss=0.00007 34.4it/s
e19 s100250 loss=0.00007 34.4it/s
e19 s100300 loss=0.00007 34.4it/s
e19 s100350 loss=0.00007 34.4it/s
e19 s100400 loss=0.00007 34.4it/s
e19 s100450 loss=0.00007 34.4it/s
e19 s100500 loss=0.00007 34.4it/s
e19 s100550 loss=0.00007 34.4it/s
e19 s100600 loss=0.00007 34.4it/s
e19 s100650 loss=0.00007 34.4it/s
e19 s100700 loss=0.00007 34.4it/s
e19 s100750 loss=0.00007 34.4it/s
e19 s100800 loss=0.00007 34.4it/s
e19 s100850 loss=0.00007 34.4it/s
e19 s100900 loss=0.00007 34.4it/s
e19 s100950 loss=0.00007 34.4it/s
e19 s101000 loss=0.00007 34.5it/s
e19 s101050 loss=0.00007 34.4it/s
e19 s101100 loss=0.00007 34.5it/s
e19 s101150 loss=0.00007 34.5it/s
e19 s101200 loss=0.00007 34.5it/s
e19 s101250 loss=0.00007 34.5it/s
e19 s101300 loss=0.00007 34.5it/s
e19 s101350 loss=0.00007 34.5it/s
e19 s101400 loss=0.00007 34.5it/s
e19 s101450 loss=0.00007 34.5it/s
e19 s101500 loss=0.00007 34.5it/s
== epoch 19 done avg_loss=0.00007 best=0.00007 ==
